Component: ARM Compiler 5.06 update 5 (build 528) Tool: armlink [4d35e2]

==============================================================================

Section Cross References

    startup_stm32f103xb.o(STACK) refers (Special) to heapauxi.o(.text) for __use_two_region_memory
    startup_stm32f103xb.o(HEAP) refers (Special) to heapauxi.o(.text) for __use_two_region_memory
    startup_stm32f103xb.o(RESET) refers (Special) to heapauxi.o(.text) for __use_two_region_memory
    startup_stm32f103xb.o(RESET) refers to startup_stm32f103xb.o(STACK) for __initial_sp
    startup_stm32f103xb.o(RESET) refers to startup_stm32f103xb.o(.text) for Reset_Handler
    startup_stm32f103xb.o(RESET) refers to stm32f1xx_it.o(i.NMI_Handler) for NMI_Handler
    startup_stm32f103xb.o(RESET) refers to stm32f1xx_it.o(i.HardFault_Handler) for HardFault_Handler
    startup_stm32f103xb.o(RESET) refers to stm32f1xx_it.o(i.MemManage_Handler) for MemManage_Handler
    startup_stm32f103xb.o(RESET) refers to stm32f1xx_it.o(i.BusFault_Handler) for BusFault_Handler
    startup_stm32f103xb.o(RESET) refers to stm32f1xx_it.o(i.UsageFault_Handler) for UsageFault_Handler
    startup_stm32f103xb.o(RESET) refers to port.o(.emb_text) for SVC_Handler
    startup_stm32f103xb.o(RESET) refers to stm32f1xx_it.o(i.DebugMon_Handler) for DebugMon_Handler
    startup_stm32f103xb.o(RESET) refers to port.o(i.SysTick_Handler) for SysTick_Handler
    startup_stm32f103xb.o(RESET) refers to stm32f1xx_it.o(i.EXTI0_IRQHandler) for EXTI0_IRQHandler
    startup_stm32f103xb.o(RESET) refers to stm32f1xx_it.o(i.DMA1_Channel4_IRQHandler) for DMA1_Channel4_IRQHandler
    startup_stm32f103xb.o(RESET) refers to stm32f1xx_it.o(i.DMA1_Channel5_IRQHandler) for DMA1_Channel5_IRQHandler
    startup_stm32f103xb.o(RESET) refers to stm32f1xx_it.o(i.TIM4_IRQHandler) for TIM4_IRQHandler
    startup_stm32f103xb.o(RESET) refers to stm32f1xx_it.o(i.USART1_IRQHandler) for USART1_IRQHandler
    startup_stm32f103xb.o(.text) refers (Special) to heapauxi.o(.text) for __use_two_region_memory
    startup_stm32f103xb.o(.text) refers to system_stm32f1xx.o(i.SystemInit) for SystemInit
    startup_stm32f103xb.o(.text) refers to __main.o(!!!main) for __main
    startup_stm32f103xb.o(.text) refers to startup_stm32f103xb.o(HEAP) for Heap_Mem
    startup_stm32f103xb.o(.text) refers to startup_stm32f103xb.o(STACK) for Stack_Mem
    main.o(i.HAL_TIM_PeriodElapsedCallback) refers to stm32f1xx_hal.o(i.HAL_IncTick) for HAL_IncTick
    main.o(i.SystemClock_Config) refers to rt_memclr_w.o(.text) for __aeabi_memclr4
    main.o(i.SystemClock_Config) refers to stm32f1xx_hal_rcc.o(i.HAL_RCC_OscConfig) for HAL_RCC_OscConfig
    main.o(i.SystemClock_Config) refers to stm32f1xx_hal_rcc.o(i.HAL_RCC_ClockConfig) for HAL_RCC_ClockConfig
    main.o(i.main) refers to stm32f1xx_hal.o(i.HAL_Init) for HAL_Init
    main.o(i.main) refers to main.o(i.SystemClock_Config) for SystemClock_Config
    main.o(i.main) refers to gpio.o(i.MX_GPIO_Init) for MX_GPIO_Init
    main.o(i.main) refers to dma.o(i.MX_DMA_Init) for MX_DMA_Init
    main.o(i.main) refers to usart.o(i.MX_USART1_UART_Init) for MX_USART1_UART_Init
    main.o(i.main) refers to tim.o(i.MX_TIM2_Init) for MX_TIM2_Init
    main.o(i.main) refers to led.o(i.led_init) for led_init
    main.o(i.main) refers to freertos.o(i.MX_FREERTOS_Init) for MX_FREERTOS_Init
    main.o(i.main) refers to cmsis_os.o(i.osKernelStart) for osKernelStart
    gpio.o(i.MX_GPIO_Init) refers to stm32f1xx_hal_gpio.o(i.HAL_GPIO_WritePin) for HAL_GPIO_WritePin
    gpio.o(i.MX_GPIO_Init) refers to stm32f1xx_hal_gpio.o(i.HAL_GPIO_Init) for HAL_GPIO_Init
    gpio.o(i.MX_GPIO_Init) refers to stm32f1xx_hal_cortex.o(i.HAL_NVIC_SetPriority) for HAL_NVIC_SetPriority
    gpio.o(i.MX_GPIO_Init) refers to stm32f1xx_hal_cortex.o(i.HAL_NVIC_EnableIRQ) for HAL_NVIC_EnableIRQ
    freertos.o(i.MX_FREERTOS_Init) refers to cmsis_os.o(i.osMutexCreate) for osMutexCreate
    freertos.o(i.MX_FREERTOS_Init) refers to cmsis_os.o(i.osSemaphoreCreate) for osSemaphoreCreate
    freertos.o(i.MX_FREERTOS_Init) refers to cmsis_os.o(i.osMessageCreate) for osMessageCreate
    freertos.o(i.MX_FREERTOS_Init) refers to queue.o(i.xQueueGenericCreate) for xQueueGenericCreate
    freertos.o(i.MX_FREERTOS_Init) refers to rt_memcpy_w.o(.text) for __aeabi_memcpy4
    freertos.o(i.MX_FREERTOS_Init) refers to cmsis_os.o(i.osThreadCreate) for osThreadCreate
    freertos.o(i.MX_FREERTOS_Init) refers to freertos.o(.data) for .data
    freertos.o(i.MX_FREERTOS_Init) refers to freertos.o(.constdata) for .constdata
    freertos.o(i.StartBTCommTask) refers to _scanf_int.o(.text) for _scanf_int
    freertos.o(i.StartBTCommTask) refers to jdy31.o(i.JDY31_Init) for JDY31_Init
    freertos.o(i.StartBTCommTask) refers to jdy31.o(i.JDY31_SetRxQueue) for JDY31_SetRxQueue
    freertos.o(i.StartBTCommTask) refers to jdy31.o(i.JDY31_GetRxBuf) for JDY31_GetRxBuf
    freertos.o(i.StartBTCommTask) refers to cmsis_os.o(i.osMessageGet) for osMessageGet
[...]
    __ARM_use_no_argv                        0x00000000   Number         0  main.o ABSOLUTE
    _printf_flags                            0x00000000   Number         0  printf_stubs.o ABSOLUTE
    _printf_return_value                     0x00000000   Number         0  printf_stubs.o ABSOLUTE
    _printf_sizespec                         0x00000000   Number         0  printf_stubs.o ABSOLUTE
    _printf_widthprec                        0x00000000   Number         0  printf_stubs.o ABSOLUTE
    __ARM_exceptions_init                     - Undefined Weak Reference
    __alloca_initialize                       - Undefined Weak Reference
    __arm_preinit_                            - Undefined Weak Reference
    __cpp_initialize__aeabi_                  - Undefined Weak Reference
    __cxa_finalize                            - Undefined Weak Reference
    __sigvec_lookup                           - Undefined Weak Reference
    _atexit_init                              - Undefined Weak Reference
    _call_atexit_fns                          - Undefined Weak Reference
    _clock_init                               - Undefined Weak Reference
    _fp_trap_init                             - Undefined Weak Reference
    _fp_trap_shutdown                         - Undefined Weak Reference
    _get_lc_collate                           - Undefined Weak Reference
    _get_lc_monetary                          - Undefined Weak Reference
    _get_lc_time                              - Undefined Weak Reference
    _getenv_init                              - Undefined Weak Reference
    _handle_redirection                       - Undefined Weak Reference
    _init_alloc                               - Undefined Weak Reference
    _init_user_alloc                          - Undefined Weak Reference
    _initio                                   - Undefined Weak Reference
    _printf_mbtowc                            - Undefined Weak Reference
    _printf_truncate_signed                   - Undefined Weak Reference
    _printf_truncate_unsigned                 - Undefined Weak Reference
    _rand_init                                - Undefined Weak Reference
    _scanf_longlong                           - Undefined Weak Reference
    _scanf_mbtowc                             - Undefined Weak Reference
    _scanf_real                               - Undefined Weak Reference
    _scanf_string                             - Undefined Weak Reference
    _scanf_wctomb                             - Undefined Weak Reference
    _scanf_wstring                            - Undefined Weak Reference
    _signal_finish                            - Undefined Weak Reference
    _signal_init                              - Undefined Weak Reference
    _terminate_alloc                          - Undefined Weak Reference
    _terminate_user_alloc                     - Undefined Weak Reference
    _terminateio                              - Undefined Weak Reference
    __Vectors_Size                           0x000000ec   Number         0  startup_stm32f103xb.o ABSOLUTE
    __Vectors                                0x08000000   Data           4  startup_stm32f103xb.o(RESET)
    __Vectors_End                            0x080000ec   Data           0  startup_stm32f103xb.o(RESET)
    __main                                   0x080000ed   Thumb Code     8  __main.o(!!!main)
    __scatterload                            0x080000f5   Thumb Code     0  __scatter.o(!!!scatter)
    __scatterload_rt2                        0x080000f5   Thumb Code    44  __scatter.o(!!!scatter)
    __scatterload_rt2_thumb_only             0x080000f5   Thumb Code     0  __scatter.o(!!!scatter)
    __scatterload_null                       0x08000103   Thumb Code     0  __scatter.o(!!!scatter)
    __scatterload_copy                       0x08000129   Thumb Code    26  __scatter_copy.o(!!handler_copy)
    __scatterload_zeroinit                   0x08000145   Thumb Code    28  __scatter_zi.o(!!handler_zi)
    _printf_f                                0x08000161   Thumb Code     0  _printf_f.o(.ARM.Collect$$_printf_percent$$00000003)
    _printf_percent                          0x08000161   Thumb Code     0  _printf_percent.o(.ARM.Collect$$_printf_percent$$00000000)
    _printf_d                                0x08000167   Thumb Code     0  _printf_d.o(.ARM.Collect$$_printf_percent$$00000009)
    _printf_u                                0x0800016d   Thumb Code     0  _printf_u.o(.ARM.Collect$$_printf_percent$$0000000A)
    _printf_s                                0x08000173   Thumb Code     0  _printf_s.o(.ARM.Collect$$_printf_percent$$00000014)
    _printf_percent_end                      0x08000179   Thumb Code     0  _printf_percent_end.o(.ARM.Collect$$_printf_percent$$00000017)
    __rt_lib_init                            0x0800017d   Thumb Code     0  libinit.o(.ARM.Collect$$libinit$$00000000)
    __rt_lib_init_fp_1                       0x0800017f   Thumb Code     0  libinit2.o(.ARM.Collect$$libinit$$00000002)
    __rt_lib_init_heap_1                     0x0800017f   Thumb Code     0  libinit2.o(.ARM.Collect$$libinit$$0000000A)
    __rt_lib_init_lc_common                  0x0800017f   Thumb Code     0  libinit2.o(.ARM.Collect$$libinit$$0000000F)
    __rt_lib_init_preinit_1                  0x0800017f   Thumb Code     0  libinit2.o(.ARM.Collect$$libinit$$00000004)
    __rt_lib_init_rand_1                     0x0800017f   Thumb Code     0  libinit2.o(.ARM.Collect$$libinit$$0000000E)
    __rt_lib_init_user_alloc_1               0x0800017f   Thumb Code     0  libinit2.o(.ARM.Collect$$libinit$$0000000C)
    __rt_lib_init_lc_collate_1               0x08000185   Thumb Code     0  libinit2.o(.ARM.Collect$$libinit$$00000011)
    __rt_lib_init_lc_ctype_2                 0x08000185   Thumb Code     0  libinit2.o(.ARM.Collect$$libinit$$00000012)
    __rt_lib_init_lc_ctype_1                 0x08000191   Thumb Code     0  libinit2.o(.ARM.Collect$$libinit$$00000013)
    __rt_lib_init_lc_monetary_1              0x08000191   Thumb Code     0  libinit2.o(.ARM.Collect$$libinit$$00000015)
    __rt_lib_init_lc_numeric_2               0x08000191   Thumb Code     0  libinit2.o(.ARM.Collect$$libinit$$00000016)
    __rt_lib_init_alloca_1                   0x0800019b   Thumb Code     0  libinit2.o(.ARM.Collect$$libinit$$0000002E)
    __rt_lib_init_argv_1                     0x0800019b   Thumb Code     0  libinit2.o(.ARM.Collect$$libinit$$0000002C)
    __rt_lib_init_atexit_1                   0x0800019b   Thumb Code     0  libinit2.o(.ARM.Collect$$libinit$$0000001B)
    __rt_lib_init_clock_1                    0x0800019b   Thumb Code     0  libinit2.o(.ARM.Collect$$libinit$$00000021)
    __rt_lib_init_cpp_1                      0x0800019b   Thumb Code     0  libinit2.o(.ARM.Collect$$libinit$$00000032)
    __rt_lib_init_exceptions_1               0x0800019b   Thumb Code     0  libinit2.o(.ARM.Collect$$libinit$$00000030)
    __rt_lib_init_fp_trap_1                  0x0800019b   Thumb Code     0  libinit2.o(.ARM.Collect$$libinit$$0000001F)
    __rt_lib_init_getenv_1                   0x0800019b   Thumb Code     0  libinit2.o(.ARM.Collect$$libinit$$00000023)
    __rt_lib_init_lc_numeric_1               0x0800019b   Thumb Code     0  libinit2.o(.ARM.Collect$$libinit$$00000017)
    __rt_lib_init_lc_time_1                  0x0800019b   Thumb Code     0  libinit2.o(.ARM.Collect$$libinit$$00000019)
    __rt_lib_init_return                     0x0800019b   Thumb Code     0  libinit2.o(.ARM.Collect$$libinit$$00000033)
    __rt_lib_init_signal_1                   0x0800019b   Thumb Code     0  libinit2.o(.ARM.Collect$$libinit$$0000001D)
    __rt_lib_init_stdio_1                    0x0800019b   Thumb Code     0  libinit2.o(.ARM.Collect$$libinit$$00000025)
    __rt_lib_shutdown                        0x0800019d   Thumb Code     0  libshutdown.o(.ARM.Collect$$libshutdown$$00000000)
    __rt_lib_shutdown_cpp_1                  0x0800019f   Thumb Code     0  libshutdown2.o(.ARM.Collect$$libshutdown$$00000002)
    __rt_lib_shutdown_fp_trap_1              0x0800019f   Thumb Code     0  libshutdown2.o(.ARM.Collect$$libshutdown$$00000007)
    __rt_lib_shutdown_heap_1                 0x0800019f   Thumb Code     0  libshutdown2.o(.ARM.Collect$$libshutdown$$0000000F)
    __rt_lib_shutdown_return                 0x0800019f   Thumb Code     0  libshutdown2.o(.ARM.Collect$$libshutdown$$00000010)
    __rt_lib_shutdown_signal_1               0x0800019f   Thumb Code     0  libshutdown2.o(.ARM.Collect$$libshutdown$$0000000A)
    __rt_lib_shutdown_stdio_1                0x0800019f   Thumb Code     0  libshutdown2.o(.ARM.Collect$$libshutdown$$00000004)
    __rt_lib_shutdown_user_alloc_1           0x0800019f   Thumb Code     0  libshutdown2.o(.ARM.Collect$$libshutdown$$0000000C)
    __rt_entry                               0x080001a1   Thumb Code     0  __rtentry.o(.ARM.Collect$$rtentry$$00000000)
    __rt_entry_presh_1                       0x080001a1   Thumb Code     0  __rtentry2.o(.ARM.Collect$$rtentry$$00000002)
    __rt_entry_sh                            0x080001a1   Thumb Code     0  __rtentry4.o(.ARM.Collect$$rtentry$$00000004)
    __rt_entry_li                            0x080001a7   Thumb Code     0  __rtentry2.o(.ARM.Collect$$rtentry$$0000000A)
    __rt_entry_postsh_1                      0x080001a7   Thumb Code     0  __rtentry2.o(.ARM.Collect$$rtentry$$00000009)
    __rt_entry_main                          0x080001ab   Thumb Code     0  __rtentry2.o(.ARM.Collect$$rtentry$$0000000D)
    __rt_entry_postli_1                      0x080001ab   Thumb Code     0  __rtentry2.o(.ARM.Collect$$rtentry$$0000000C)
    __rt_exit                                0x080001b3   Thumb Code     0  rtexit.o(.ARM.Collect$$rtexit$$00000000)
    __rt_exit_ls                             0x080001b5   Thumb Code     0  rtexit2.o(.ARM.Collect$$rtexit$$00000003)
    __rt_exit_prels_1                        0x080001b5   Thumb Code     0  rtexit2.o(.ARM.Collect$$rtexit$$00000002)
    __rt_exit_exit                           0x080001b9   Thumb Code     0  rtexit2.o(.ARM.Collect$$rtexit$$00000004)
    SVC_Handler                              0x080001c1   Thumb Code    32  port.o(.emb_text)
    __asm___6_port_c_39a90d8d__prvStartFirstTask 0x080001e5   Thumb Code    28  port.o(.emb_text)
    PendSV_Handler                           0x08000205   Thumb Code    72  port.o(.emb_text)
    vPortGetIPSR                             0x08000251   Thumb Code     6  port.o(.emb_text)
    Reset_Handler                            0x08000259   Thumb Code     8  startup_stm32f103xb.o(.text)
    ADC1_2_IRQHandler                        0x08000273   Thumb Code     0  startup_stm32f103xb.o(.text)
    CAN1_RX1_IRQHandler                      0x08000273   Thumb Code     0  startup_stm32f103xb.o(.text)
    CAN1_SCE_IRQHandler                      0x08000273   Thumb Code     0  startup_stm32f103xb.o(.text)
    DMA1_Channel1_IRQHandler                 0x08000273   Thumb Code     0  startup_stm32f103xb.o(.text)
    DMA1_Channel2_IRQHandler                 0x08000273   Thumb Code     0  startup_stm32f103xb.o(.text)
    DMA1_Channel3_IRQHandler                 0x08000273   Thumb Code     0  startup_stm32f103xb.o(.text)
    DMA1_Channel6_IRQHandler                 0x08000273   Thumb Code     0  startup_stm32f103xb.o(.text)
    DMA1_Channel7_IRQHandler                 0x08000273   Thumb Code     0  startup_stm32f103xb.o(.text)
    EXTI15_10_IRQHandler                     0x08000273   Thumb Code     0  startup_stm32f103xb.o(.text)
    EXTI1_IRQHandler                         0x08000273   Thumb Code     0  startup_stm32f103xb.o(.text)
    EXTI2_IRQHandler                         0x08000273   Thumb Code     0  startup_stm32f103xb.o(.text)
    EXTI3_IRQHandler                         0x08000273   Thumb Code     0  startup_stm32f103xb.o(.text)
    EXTI4_IRQHandler                         0x08000273   Thumb Code     0  startup_stm32f103xb.o(.text)
    EXTI9_5_IRQHandler                       0x08000273   Thumb Code     0  startup_stm32f103xb.o(.text)
    FLASH_IRQHandler                         0x08000273   Thumb Code     0  startup_stm32f103xb.o(.text)
    I2C1_ER_IRQHandler                       0x08000273   Thumb Code     0  startup_stm32f103xb.o(.text)
    I2C1_EV_IRQHandler                       0x08000273   Thumb Code     0  startup_stm32f103xb.o(.text)
    I2C2_ER_IRQHandler                       0x08000273   Thumb Code     0  startup_stm32f103xb.o(.text)
    I2C2_EV_IRQHandler                       0x08000273   Thumb Code     0  startup_stm32f103xb.o(.text)
    PVD_IRQHandler                           0x08000273   Thumb Code     0  startup_stm32f103xb.o(.text)
    RCC_IRQHandler                           0x08000273   Thumb Code     0  startup_stm32f103xb.o(.text)
    RTC_Alarm_IRQHandler                     0x08000273   Thumb Code     0  startup_stm32f103xb.o(.text)
    RTC_IRQHandler                           0x08000273   Thumb Code     0  startup_stm32f103xb.o(.text)
    SPI1_IRQHandler                          0x08000273   Thumb Code     0  startup_stm32f103xb.o(.text)
    SPI2_IRQHandler                          0x08000273   Thumb Code     0  startup_stm32f103xb.o(.text)
    TAMPER_IRQHandler                        0x08000273   Thumb Code     0  startup_stm32f103xb.o(.text)
    TIM1_BRK_IRQHandler                      0x08000273   Thumb Code     0  startup_stm32f103xb.o(.text)
    TIM1_CC_IRQHandler                       0x08000273   Thumb Code     0  startup_stm32f103xb.o(.text)
    TIM1_TRG_COM_IRQHandler                  0x08000273   Thumb Code     0  startup_stm32f103xb.o(.text)
    TIM1_UP_IRQHandler                       0x08000273   Thumb Code     0  startup_stm32f103xb.o(.text)
    TIM2_IRQHandler                          0x08000273   Thumb Code     0  startup_stm32f103xb.o(.text)
    TIM3_IRQHandler                          0x08000273   Thumb Code     0  startup_stm32f103xb.o(.text)
    USART2_IRQHandler                        0x08000273   Thumb Code     0  startup_stm32f103xb.o(.text)
    USART3_IRQHandler                        0x08000273   Thumb Code     0  startup_stm32f103xb.o(.text)
    USBWakeUp_IRQHandler                     0x08000273   Thumb Code     0  startup_stm32f103xb.o(.text)
    USB_HP_CAN1_TX_IRQHandler                0x08000273   Thumb Code     0  startup_stm32f103xb.o(.text)
    USB_LP_CAN1_RX0_IRQHandler               0x08000273   Thumb Code     0  startup_stm32f103xb.o(.text)
    WWDG_IRQHandler                          0x08000273   Thumb Code     0  startup_stm32f103xb.o(.text)
    __user_initial_stackheap                 0x08000275   Thumb Code     0  startup_stm32f103xb.o(.text)
    __2snprintf                              0x08000299   Thumb Code    50  __2snprintf.o(.text)
    _printf_pre_padding                      0x080002d1   Thumb Code    44  _printf_pad.o(.text)
    _printf_post_padding                     0x080002fd   Thumb Code    34  _printf_pad.o(.text)
    _printf_str                              0x0800031f   Thumb Code    82  _printf_str.o(.text)
    _printf_int_dec                          0x08000371   Thumb Code   104  _printf_dec.o(.text)
    __printf                                 0x080003e9   Thumb Code   270  __printf_wp.o(.text)
    __0sscanf                                0x080004f9   Thumb Code    52  __0sscanf.o(.text)
    _scanf_int                               0x08000535   Thumb Code   332  _scanf_int.o(.text)
    strlen                                   0x08000681   Thumb Code    62  strlen.o(.text)
    strncmp                                  0x080006bf   Thumb Code   150  strncmp.o(.text)
    __aeabi_memcpy                           0x08000755   Thumb Code     0  rt_memcpy_v6.o(.text)
    __rt_memcpy                              0x08000755   Thumb Code   138  rt_memcpy_v6.o(.text)
    _memcpy_lastbytes                        0x080007bb   Thumb Code     0  rt_memcpy_v6.o(.text)
    __aeabi_memcpy4                          0x080007df   Thumb Code     0  rt_memcpy_w.o(.text)
    __aeabi_memcpy8                          0x080007df   Thumb Code     0  rt_memcpy_w.o(.text)
    __rt_memcpy_w                            0x080007df   Thumb Code   100  rt_memcpy_w.o(.text)
    _memcpy_lastbytes_aligned                0x08000827   Thumb Code     0  rt_memcpy_w.o(.text)
    __aeabi_memclr                           0x08000843   Thumb Code     0  rt_memclr.o(.text)
    __rt_memclr                              0x08000843   Thumb Code    68  rt_memclr.o(.text)
    _memset                                  0x08000847   Thumb Code     0  rt_memclr.o(.text)
    __aeabi_memclr4                          0x08000887   Thumb Code     0  rt_memclr_w.o(.text)
    __aeabi_memclr8                          0x08000887   Thumb Code     0  rt_memclr_w.o(.text)
    __rt_memclr_w                            0x08000887   Thumb Code    78  rt_memclr_w.o(.text)
    _memset_w                                0x0800088b   Thumb Code     0  rt_memclr_w.o(.text)
    __use_two_region_memory                  0x080008d5   Thumb Code     2  heapauxi.o(.text)
    __rt_heap_escrow$2region                 0x080008d7   Thumb Code     2  heapauxi.o(.text)
    __rt_heap_expand$2region                 0x080008d9   Thumb Code     2  heapauxi.o(.text)
    _printf_int_common                       0x080008db   Thumb Code   178  _printf_intcommon.o(.text)
    __lib_sel_fp_printf                      0x0800098d   Thumb Code     2  _printf_fp_dec.o(.text)
    _printf_fp_dec_real                      0x08000b3f   Thumb Code   620  _printf_fp_dec.o(.text)
    _printf_char_common                      0x08000db7   Thumb Code    32  _printf_char_common.o(.text)
    _sputc                                   0x08000ddd   Thumb Code    10  _sputc.o(.text)
    _snputc                                  0x08000de7   Thumb Code    16  _snputc.o(.text)
    _printf_cs_common                        0x08000df7   Thumb Code    20  _printf_char.o(.text)
    _printf_char                             0x08000e0b   Thumb Code    16  _printf_char.o(.text)
    _printf_string                           0x08000e1b   Thumb Code     8  _printf_char.o(.text)
    _chval                                   0x08000e23   Thumb Code    28  _chval.o(.text)
    __vfscanf_char                           0x08000e4d   Thumb Code    24  scanf_char.o(.text)
    _sgetc                                   0x08000e6d   Thumb Code    30  _sgetc.o(.text)
    _sbackspace                              0x08000e8b   Thumb Code    34  _sgetc.o(.text)
    __rt_locale                              0x08000ead   Thumb Code     8  rt_locale_intlibspace.o(.text)
    _ll_udiv10                               0x08000eb5   Thumb Code   138  lludiv10.o(.text)
    isspace                                  0x08000f3f   Thumb Code    18  isspace.o(.text)
    _printf_fp_infnan                        0x08000f51   Thumb Code   112  _printf_fp_infnan.o(.text)
    __vfscanf                                0x08000fd1   Thumb Code   878  _scanf.o(.text)
    _btod_etento                             0x08001345   Thumb Code   224  bigflt0.o(.text)
    __user_libspace                          0x08001429   Thumb Code     8  libspace.o(.text)
    __user_perproc_libspace                  0x08001429   Thumb Code     0  libspace.o(.text)
    __user_perthread_libspace                0x08001429   Thumb Code     0  libspace.o(.text)
    __user_setup_stackheap                   0x08001431   Thumb Code    74  sys_stackheap_outer.o(.text)
    __rt_ctype_table                         0x0800147d   Thumb Code    16  rt_ctype_table.o(.text)
    exit                                     0x0800148d   Thumb Code    18  exit.o(.text)
    strcmp                                   0x080014a1   Thumb Code   128  strcmpv7m.o(.text)
    _sys_exit                                0x08001521   Thumb Code     8  sys_exit.o(.text)
    __I$use$semihosting                      0x0800152d   Thumb Code     0  use_no_semi.o(.text)
    __use_no_semihosting_swi                 0x0800152d   Thumb Code     2  use_no_semi.o(.text)
    __semihosting_library_function           0x0800152f   Thumb Code     0  indicate_semi.o(.text)
    _btod_d2e                                0x0800152f   Thumb Code    62  btod.o(CL$$btod_d2e)
    _d2e_denorm_low                          0x0800156d   Thumb Code    70  btod.o(CL$$btod_d2e_denorm_low)
    _d2e_norm_op1                            0x080015b3   Thumb Code    96  btod.o(CL$$btod_d2e_norm_op1)
    __btod_div_common                        0x08001613   Thumb Code   696  btod.o(CL$$btod_div_common)
    _e2e                                     0x0800194b   Thumb Code   220  btod.o(CL$$btod_e2e)
    _btod_ediv                               0x08001a27   Thumb Code    42  btod.o(CL$$btod_ediv)
    _btod_emul                               0x08001a51   Thumb Code    42  btod.o(CL$$btod_emul)
    __btod_mult_common                       0x08001a7b   Thumb Code   580  btod.o(CL$$btod_mult_common)
    BusFault_Handler                         0x08001cbf   Thumb Code     2  stm32f1xx_it.o(i.BusFault_Handler)
    DHT11_ReadData                           0x08001cc1   Thumb Code   318  dht11.o(i.DHT11_ReadData)
    DMA1_Channel4_IRQHandler                 0x08001e05   Thumb Code     6  stm32f1xx_it.o(i.DMA1_Channel4_IRQHandler)
    DMA1_Channel5_IRQHandler                 0x08001e11   Thumb Code     6  stm32f1xx_it.o(i.DMA1_Channel5_IRQHandler)
    DebugMon_Handler                         0x08001e47   Thumb Code     2  stm32f1xx_it.o(i.DebugMon_Handler)
    EXTI0_IRQHandler                         0x08001e49   Thumb Code     6  stm32f1xx_it.o(i.EXTI0_IRQHandler)
    Error_Handler                            0x08001e4f   Thumb Code     4  main.o(i.Error_Handler)
    HAL_DMA_Abort                            0x08001e53   Thumb Code    70  stm32f1xx_hal_dma.o(i.HAL_DMA_Abort)
    HAL_DMA_Abort_IT                         0x08001e99   Thumb Code   148  stm32f1xx_hal_dma.o(i.HAL_DMA_Abort_IT)
    HAL_DMA_IRQHandler                       0x08001f31   Thumb Code   316  stm32f1xx_hal_dma.o(i.HAL_DMA_IRQHandler)
    HAL_DMA_Init                             0x08002085   Thumb Code    84  stm32f1xx_hal_dma.o(i.HAL_DMA_Init)
    HAL_DMA_Start_IT                         0x080020e1   Thumb Code   112  stm32f1xx_hal_dma.o(i.HAL_DMA_Start_IT)
    HAL_Delay                                0x08002151   Thumb Code    32  stm32f1xx_hal.o(i.HAL_Delay)
    HAL_GPIO_EXTI_Callback                   0x08002175   Thumb Code    14  stm32f1xx_it.o(i.HAL_GPIO_EXTI_Callback)
    HAL_GPIO_EXTI_IRQHandler                 0x08002189   Thumb Code    18  stm32f1xx_hal_gpio.o(i.HAL_GPIO_EXTI_IRQHandler)
    HAL_GPIO_Init                            0x080021a1   Thumb Code   446  stm32f1xx_hal_gpio.o(i.HAL_GPIO_Init)
    HAL_GPIO_ReadPin                         0x08002381   Thumb Code    10  stm32f1xx_hal_gpio.o(i.HAL_GPIO_ReadPin)
    HAL_GPIO_WritePin                        0x0800238b   Thumb Code    10  stm32f1xx_hal_gpio.o(i.HAL_GPIO_WritePin)
    HAL_GetTick                              0x08002395   Thumb Code     6  stm32f1xx_hal.o(i.HAL_GetTick)
    HAL_IncTick                              0x080023a1   Thumb Code    12  stm32f1xx_hal.o(i.HAL_IncTick)
    HAL_Init                                 0x080023b1   Thumb Code    32  stm32f1xx_hal.o(i.HAL_Init)
    HAL_InitTick                             0x080023d5   Thumb Code   132  stm32f1xx_hal_timebase_tim.o(i.HAL_InitTick)
    HAL_MspInit                              0x0800246d   Thumb Code    62  stm32f1xx_hal_msp.o(i.HAL_MspInit)
    HAL_NVIC_EnableIRQ                       0x080024b5   Thumb Code    26  stm32f1xx_hal_cortex.o(i.HAL_NVIC_EnableIRQ)
    HAL_NVIC_SetPriority                     0x080024d1   Thumb Code    60  stm32f1xx_hal_cortex.o(i.HAL_NVIC_SetPriority)
    HAL_NVIC_SetPriorityGrouping             0x08002511   Thumb Code    26  stm32f1xx_hal_cortex.o(i.HAL_NVIC_SetPriorityGrouping)
    HAL_RCC_ClockConfig                      0x08002535   Thumb Code   280  stm32f1xx_hal_rcc.o(i.HAL_RCC_ClockConfig)
    HAL_RCC_GetClockConfig                   0x08002661   Thumb Code    54  stm32f1xx_hal_rcc.o(i.HAL_RCC_GetClockConfig)
    HAL_RCC_GetPCLK1Freq                     0x080026a1   Thumb Code    20  stm32f1xx_hal_rcc.o(i.HAL_RCC_GetPCLK1Freq)
    HAL_RCC_GetPCLK2Freq                     0x080026c1   Thumb Code    20  stm32f1xx_hal_rcc.o(i.HAL_RCC_GetPCLK2Freq)
    HAL_RCC_GetSysClockFreq                  0x080026e1   Thumb Code    58  stm32f1xx_hal_rcc.o(i.HAL_RCC_GetSysClockFreq)
    HAL_RCC_OscConfig                        0x0800272d   Thumb Code   778  stm32f1xx_hal_rcc.o(i.HAL_RCC_OscConfig)
    HAL_TIMEx_BreakCallback                  0x08002a4d   Thumb Code     2  stm32f1xx_hal_tim_ex.o(i.HAL_TIMEx_BreakCallback)
    HAL_TIMEx_CommutCallback                 0x08002a4f   Thumb Code     2  stm32f1xx_hal_tim_ex.o(i.HAL_TIMEx_CommutCallback)
    HAL_TIMEx_MasterConfigSynchronization    0x08002a51   Thumb Code    92  stm32f1xx_hal_tim_ex.o(i.HAL_TIMEx_MasterConfigSynchronization)
    HAL_TIM_Base_Init                        0x08002ab9   Thumb Code    90  stm32f1xx_hal_tim.o(i.HAL_TIM_Base_Init)
    HAL_TIM_Base_MspInit                     0x08002b15   Thumb Code    30  tim.o(i.HAL_TIM_Base_MspInit)
    HAL_TIM_Base_Start_IT                    0x08002b39   Thumb Code    76  stm32f1xx_hal_tim.o(i.HAL_TIM_Base_Start_IT)
    HAL_TIM_ConfigClockSource                0x08002b91   Thumb Code   220  stm32f1xx_hal_tim.o(i.HAL_TIM_ConfigClockSource)
    HAL_TIM_IC_CaptureCallback               0x08002c6d   Thumb Code     2  stm32f1xx_hal_tim.o(i.HAL_TIM_IC_CaptureCallback)
    HAL_TIM_IRQHandler                       0x08002c6f   Thumb Code   304  stm32f1xx_hal_tim.o(i.HAL_TIM_IRQHandler)
    HAL_TIM_MspPostInit                      0x08002da1   Thumb Code    62  tim.o(i.HAL_TIM_MspPostInit)
    HAL_TIM_OC_DelayElapsedCallback          0x08002de9   Thumb Code     2  stm32f1xx_hal_tim.o(i.HAL_TIM_OC_DelayElapsedCallback)
    HAL_TIM_PWM_ConfigChannel                0x08002deb   Thumb Code   204  stm32f1xx_hal_tim.o(i.HAL_TIM_PWM_ConfigChannel)
    HAL_TIM_PWM_Init                         0x08002eb7   Thumb Code    90  stm32f1xx_hal_tim.o(i.HAL_TIM_PWM_Init)
    HAL_TIM_PWM_MspInit                      0x08002f11   Thumb Code     2  stm32f1xx_hal_tim.o(i.HAL_TIM_PWM_MspInit)
    HAL_TIM_PWM_PulseFinishedCallback        0x08002f13   Thumb Code     2  stm32f1xx_hal_tim.o(i.HAL_TIM_PWM_PulseFinishedCallback)
    HAL_TIM_PWM_Start                        0x08002f15   Thumb Code   144  stm32f1xx_hal_tim.o(i.HAL_TIM_PWM_Start)
    HAL_TIM_PeriodElapsedCallback            0x08002fb1   Thumb Code    14  main.o(i.HAL_TIM_PeriodElapsedCallback)
    HAL_TIM_TriggerCallback                  0x08002fc5   Thumb Code     2  stm32f1xx_hal_tim.o(i.HAL_TIM_TriggerCallback)
    HAL_UARTEx_RxEventCallback               0x08002fc7   Thumb Code     2  stm32f1xx_hal_uart.o(i.HAL_UARTEx_RxEventCallback)
    HAL_UART_DMAStop                         0x08002fc9   Thumb Code   112  stm32f1xx_hal_uart.o(i.HAL_UART_DMAStop)
    HAL_UART_ErrorCallback                   0x08003039   Thumb Code     2  stm32f1xx_hal_uart.o(i.HAL_UART_ErrorCallback)
    HAL_UART_IRQHandler                      0x0800303d   Thumb Code   616  stm32f1xx_hal_uart.o(i.HAL_UART_IRQHandler)
    HAL_UART_IdleCallback                    0x080032a9   Thumb Code   128  jdy31.o(i.HAL_UART_IdleCallback)
    HAL_UART_Init                            0x0800333d   Thumb Code   100  stm32f1xx_hal_uart.o(i.HAL_UART_Init)
    HAL_UART_MspInit                         0x080033a1   Thumb Code   208  usart.o(i.HAL_UART_MspInit)
    HAL_UART_Receive_DMA                     0x08003485   Thumb Code    28  stm32f1xx_hal_uart.o(i.HAL_UART_Receive_DMA)
    HAL_UART_RxCpltCallback                  0x080034a1   Thumb Code     2  stm32f1xx_hal_uart.o(i.HAL_UART_RxCpltCallback)
    HAL_UART_RxHalfCpltCallback              0x080034a3   Thumb Code     2  stm32f1xx_hal_uart.o(i.HAL_UART_RxHalfCpltCallback)
    HAL_UART_Transmit_DMA                    0x080034a5   Thumb Code   106  stm32f1xx_hal_uart.o(i.HAL_UART_Transmit_DMA)
    HAL_UART_TxCpltCallback                  0x0800351d   Thumb Code     2  stm32f1xx_hal_uart.o(i.HAL_UART_TxCpltCallback)
    HAL_UART_TxHalfCpltCallback              0x0800351f   Thumb Code     2  stm32f1xx_hal_uart.o(i.HAL_UART_TxHalfCpltCallback)
    HardFault_Handler                        0x08003521   Thumb Code     2  stm32f1xx_it.o(i.HardFault_Handler)
    JDY31_ClearRxBuf                         0x08003525   Thumb Code    20  jdy31.o(i.JDY31_ClearRxBuf)
    JDY31_DMA_Send                           0x08003541   Thumb Code    18  jdy31.o(i.JDY31_DMA_Send)
    JDY31_GetRxBuf                           0x08003559   Thumb Code     4  jdy31.o(i.JDY31_GetRxBuf)
    JDY31_GetRxLen                           0x08003561   Thumb Code     6  jdy31.o(i.JDY31_GetRxLen)
    JDY31_IRQHandler                         0x0800356d   Thumb Code    32  jdy31.o(i.JDY31_IRQHandler)
    JDY31_Init                               0x08003591   Thumb Code    42  jdy31.o(i.JDY31_Init)
    JDY31_SetRxQueue                         0x080035c9   Thumb Code     6  jdy31.o(i.JDY31_SetRxQueue)
    MX_DMA_Init                              0x080035d5   Thumb Code    56  dma.o(i.MX_DMA_Init)
    MX_FREERTOS_Init                         0x08003611   Thumb Code   210  freertos.o(i.MX_FREERTOS_Init)
    MX_GPIO_Init                             0x080036ed   Thumb Code   224  gpio.o(i.MX_GPIO_Init)
    MX_TIM2_Init                             0x080037e1   Thumb Code   152  tim.o(i.MX_TIM2_Init)
    MX_USART1_UART_Init                      0x0800387d   Thumb Code    48  usart.o(i.MX_USART1_UART_Init)
    MemManage_Handler                        0x080038b5   Thumb Code     2  stm32f1xx_it.o(i.MemManage_Handler)
    NMI_Handler                              0x080038b7   Thumb Code     2  stm32f1xx_it.o(i.NMI_Handler)
    OLED_Clear                               0x080038b9   Thumb Code    38  oled.o(i.OLED_Clear)
    OLED_I2C_Init                            0x080038e1   Thumb Code    74  oled.o(i.OLED_I2C_Init)
    OLED_I2C_SendByte                        0x08003935   Thumb Code    94  oled.o(i.OLED_I2C_SendByte)
    OLED_I2C_Start                           0x08003999   Thumb Code    52  oled.o(i.OLED_I2C_Start)
    OLED_I2C_Stop                            0x080039d1   Thumb Code    42  oled.o(i.OLED_I2C_Stop)
    OLED_Init                                0x08003a01   Thumb Code   158  oled.o(i.OLED_Init)
    OLED_SetCursor                           0x08003a9f   Thumb Code    34  oled.o(i.OLED_SetCursor)
    OLED_ShowChar                            0x08003ac1   Thumb Code    98  oled.o(i.OLED_ShowChar)
    OLED_ShowString                          0x08003b29   Thumb Code    38  oled.o(i.OLED_ShowString)
    OLED_WriteCommand                        0x08003b4f   Thumb Code    34  oled.o(i.OLED_WriteCommand)
    OLED_WriteData                           0x08003b71   Thumb Code    34  oled.o(i.OLED_WriteData)
    StartBTCommTask                          0x08003b95   Thumb Code   244  freertos.o(i.StartBTCommTask)
    StartCtrlExecTask                        0x08003cc9   Thumb Code   290  freertos.o(i.StartCtrlExecTask)
    StartDataSampleTask                      0x08003e25   Thumb Code   238  freertos.o(i.StartDataSampleTask)
    StartOLEDTask                            0x08003f49   Thumb Code   276  freertos.o(i.StartOLEDTask)
    SysTick_Handler                          0x080040a9   Thumb Code    38  port.o(i.SysTick_Handler)
    SystemClock_Config                       0x080040d5   Thumb Code    94  main.o(i.SystemClock_Config)
    SystemInit                               0x08004133   Thumb Code     2  system_stm32f1xx.o(i.SystemInit)
    TIM4_IRQHandler                          0x08004135   Thumb Code     6  stm32f1xx_it.o(i.TIM4_IRQHandler)
    TIM_Base_SetConfig                       0x08004141   Thumb Code   108  stm32f1xx_hal_tim.o(i.TIM_Base_SetConfig)
    TIM_CCxChannelCmd                        0x080041b9   Thumb Code    26  stm32f1xx_hal_tim.o(i.TIM_CCxChannelCmd)
    TIM_ETR_SetConfig                        0x080041d3   Thumb Code    20  stm32f1xx_hal_tim.o(i.TIM_ETR_SetConfig)
    TIM_OC2_SetConfig                        0x08004249   Thumb Code    84  stm32f1xx_hal_tim.o(i.TIM_OC2_SetConfig)
    UART_Start_Receive_DMA                   0x080046b1   Thumb Code   130  stm32f1xx_hal_uart.o(i.UART_Start_Receive_DMA)
    USART1_IRQHandler                        0x08004741   Thumb Code    16  stm32f1xx_it.o(i.USART1_IRQHandler)
    UsageFault_Handler                       0x08004755   Thumb Code     2  stm32f1xx_it.o(i.UsageFault_Handler)
    __ARM_fpclassify                         0x08004757   Thumb Code    40  fpclassify.o(i.__ARM_fpclassify)
    _is_digit                                0x0800479f   Thumb Code    14  __printf_wp.o(i._is_digit)
    key_init                                 0x080047cf   Thumb Code     2  key.o(i.key_init)
    led_init                                 0x080047d1   Thumb Code    48  led.o(i.led_init)
    led_off                                  0x08004805   Thumb Code    10  led.o(i.led_off)
    led_on                                   0x08004815   Thumb Code    12  led.o(i.led_on)
    main                                     0x08004825   Thumb Code    38  main.o(i.main)
    osDelay                                  0x08004857   Thumb Code    14  cmsis_os.o(i.osDelay)
    osKernelStart                            0x08004865   Thumb Code    10  cmsis_os.o(i.osKernelStart)
    osKernelSysTick                          0x0800486f   Thumb Code    24  cmsis_os.o(i.osKernelSysTick)
    osMessageCreate                          0x08004887   Thumb Code    38  cmsis_os.o(i.osMessageCreate)
    osMessageGet                             0x080048ad   Thumb Code   144  cmsis_os.o(i.osMessageGet)
    osMessagePut                             0x08004941   Thumb Code    86  cmsis_os.o(i.osMessagePut)
    osMutexCreate                            0x0800499d   Thumb Code    16  cmsis_os.o(i.osMutexCreate)
    osMutexRelease                           0x080049ad   Thumb Code    74  cmsis_os.o(i.osMutexRelease)
    osMutexWait                              0x080049fd   Thumb Code    96  cmsis_os.o(i.osMutexWait)
    osSemaphoreCreate                        0x08004a61   Thumb Code    62  cmsis_os.o(i.osSemaphoreCreate)
    osSemaphoreRelease                       0x08004aa1   Thumb Code    74  cmsis_os.o(i.osSemaphoreRelease)
    osSemaphoreWait                          0x08004af1   Thumb Code    96  cmsis_os.o(i.osSemaphoreWait)
    osThreadCreate                           0x08004b55   Thumb Code    84  cmsis_os.o(i.osThreadCreate)
    pvPortMalloc                             0x0800503d   Thumb Code   216  heap_4.o(i.pvPortMalloc)
    pvTaskIncrementMutexHeldCount            0x08005119   Thumb Code    18  tasks.o(i.pvTaskIncrementMutexHeldCount)
    pxPortInitialiseStack                    0x08005131   Thumb Code    32  port.o(i.pxPortInitialiseStack)
    sg90_init                                0x080051e1   Thumb Code    20  sg90.o(i.sg90_init)
    sg90_set_angle                           0x080051f9   Thumb Code    48  sg90.o(i.sg90_set_angle)
    uxListRemove                             0x0800522d   Thumb Code    38  list.o(i.uxListRemove)
    vApplicationGetIdleTaskMemory            0x08005255   Thumb Code    16  freertos.o(i.vApplicationGetIdleTaskMemory)
    vListInitialise                          0x08005269   Thumb Code    22  list.o(i.vListInitialise)
    vListInitialiseItem                      0x0800527f   Thumb Code     6  list.o(i.vListInitialiseItem)
    vListInsert                              0x08005285   Thumb Code    48  list.o(i.vListInsert)
    vListInsertEnd                           0x080052b5   Thumb Code    24  list.o(i.vListInsertEnd)
    vPortEnterCritical                       0x080052cd   Thumb Code    54  port.o(i.vPortEnterCritical)
    vPortExitCritical                        0x0800530d   Thumb Code    34  port.o(i.vPortExitCritical)
    vPortFree                                0x08005335   Thumb Code    94  heap_4.o(i.vPortFree)
    vPortSetupTimerInterrupt                 0x08005399   Thumb Code    32  port.o(i.vPortSetupTimerInterrupt)
    vPortValidateInterruptPriority           0x080053bd   Thumb Code    74  port.o(i.vPortValidateInterruptPriority)
    vTaskDelay                               0x08005411   Thumb Code    66  tasks.o(i.vTaskDelay)
    vTaskDelayUntil                          0x0800545d   Thumb Code   132  tasks.o(i.vTaskDelayUntil)
    vTaskInternalSetTimeOutState             0x080054e9   Thumb Code    12  tasks.o(i.vTaskInternalSetTimeOutState)
    vTaskMissedYield                         0x080054f9   Thumb Code     8  tasks.o(i.vTaskMissedYield)
    vTaskPlaceOnEventList                    0x08005505   Thumb Code    44  tasks.o(i.vTaskPlaceOnEventList)
    vTaskPriorityDisinheritAfterTimeout      0x08005535   Thumb Code   152  tasks.o(i.vTaskPriorityDisinheritAfterTimeout)
    vTaskStartScheduler                      0x080055d5   Thumb Code    90  tasks.o(i.vTaskStartScheduler)
    vTaskSuspendAll                          0x08005641   Thumb Code    10  tasks.o(i.vTaskSuspendAll)
    vTaskSwitchContext                       0x08005651   Thumb Code    82  tasks.o(i.vTaskSwitchContext)
    xPortStartScheduler                      0x080056ad   Thumb Code   154  port.o(i.xPortStartScheduler)
    xQueueCreateMutex                        0x08005755   Thumb Code    22  queue.o(i.xQueueCreateMutex)
    xQueueCreateMutexStatic                  0x0800576b   Thumb Code    26  queue.o(i.xQueueCreateMutexStatic)
    xQueueGenericCreate                      0x08005785   Thumb Code    66  queue.o(i.xQueueGenericCreate)
    xQueueGenericCreateStatic                0x080057c7   Thumb Code   102  queue.o(i.xQueueGenericCreateStatic)
    xQueueGenericReset                       0x0800582d   Thumb Code   132  queue.o(i.xQueueGenericReset)
    xQueueGenericSend                        0x080058b5   Thumb Code   346  queue.o(i.xQueueGenericSend)
    xQueueGenericSendFromISR                 0x08005a15   Thumb Code   190  queue.o(i.xQueueGenericSendFromISR)
    xQueueGiveFromISR                        0x08005ad3   Thumb Code   156  queue.o(i.xQueueGiveFromISR)
    xQueueReceive                            0x08005b71   Thumb Code   308  queue.o(i.xQueueReceive)
    xQueueReceiveFromISR                     0x08005ca9   Thumb Code   154  queue.o(i.xQueueReceiveFromISR)
    xQueueSemaphoreTake                      0x08005d45   Thumb Code   372  queue.o(i.xQueueSemaphoreTake)
    xTaskCheckForTimeOut                     0x08005ebd   Thumb Code   112  tasks.o(i.xTaskCheckForTimeOut)
    xTaskCreate                              0x08005f31   Thumb Code    90  tasks.o(i.xTaskCreate)
    xTaskCreateStatic                        0x08005f8b   Thumb Code    86  tasks.o(i.xTaskCreateStatic)
    xTaskGetSchedulerState                   0x08005fe1   Thumb Code    22  tasks.o(i.xTaskGetSchedulerState)
    xTaskGetTickCount                        0x08005ffd   Thumb Code     6  tasks.o(i.xTaskGetTickCount)
    xTaskGetTickCountFromISR                 0x08006009   Thumb Code    12  tasks.o(i.xTaskGetTickCountFromISR)
    xTaskIncrementTick                       0x08006019   Thumb Code   194  tasks.o(i.xTaskIncrementTick)
    xTaskPriorityDisinherit                  0x080060e5   Thumb Code   144  tasks.o(i.xTaskPriorityDisinherit)
    xTaskPriorityInherit                     0x0800617d   Thumb Code   130  tasks.o(i.xTaskPriorityInherit)
    xTaskRemoveFromEventList                 0x08006209   Thumb Code   108  tasks.o(i.xTaskRemoveFromEventList)
    xTaskResumeAll                           0x0800627d   Thumb Code   182  tasks.o(i.xTaskResumeAll)
    _get_lc_numeric                          0x08006341   Thumb Code    44  lc_numeric_c.o(locale$$code)
    _get_lc_ctype                            0x0800636d   Thumb Code    44  lc_ctype_c.o(locale$$code)
    __fpl_dretinf                            0x08006399   Thumb Code    12  dretinf.o(x$fpl$dretinf)
    __aeabi_f2d                              0x080063a5   Thumb Code     0  f2d.o(x$fpl$f2d)
    _f2d                                     0x080063a5   Thumb Code    86  f2d.o(x$fpl$f2d)
    __aeabi_fadd                             0x080063fd   Thumb Code     0  faddsub_clz.o(x$fpl$fadd)
    _fadd                                    0x080063fd   Thumb Code   196  faddsub_clz.o(x$fpl$fadd)
    __aeabi_ui2f                             0x080064c1   Thumb Code     0  fflt_clz.o(x$fpl$ffltu)
    _ffltu                                   0x080064c1   Thumb Code    38  fflt_clz.o(x$fpl$ffltu)
    __aeabi_fmul                             0x080064e9   Thumb Code     0  fmul.o(x$fpl$fmul)
    _fmul                                    0x080064e9   Thumb Code   258  fmul.o(x$fpl$fmul)
    __fpl_fnaninf                            0x080065eb   Thumb Code   140  fnaninf.o(x$fpl$fnaninf)
    __fpl_fretinf                            0x08006677   Thumb Code    10  fretinf.o(x$fpl$fretinf)
    __aeabi_fsub                             0x08006681   Thumb Code     0  faddsub_clz.o(x$fpl$fsub)
    _fsub                                    0x08006681   Thumb Code   234  faddsub_clz.o(x$fpl$fsub)
    _printf_fp_dec                           0x0800676b   Thumb Code     4  printf1.o(x$fpl$printf1)
    __I$use$fp                               0x0800676e   Number         0  usenofp.o(x$fpl$usenofp)
    AHBPrescTable                            0x08006822   Data          16  system_stm32f1xx.o(.constdata)
    APBPrescTable                            0x08006832   Data           8  system_stm32f1xx.o(.constdata)
    OLED_F8x16                               0x0800683a   Data        1520  oled.o(.constdata)
    Region$$Table$$Base                      0x08006f00   Number         0  anon$$obj.o(Region$$Table)
    Region$$Table$$Limit                     0x08006f20   Number         0  anon$$obj.o(Region$$Table)
    __ctype                                  0x08006f49   Data           0  lc_ctype_c.o(locale$$data)
    BT_Comm_TaskHandle                       0x20000000   Data           4  freertos.o(.data)
    Ctrl_Exec_TaskHandle                     0x20000004   Data           4  freertos.o(.data)
    Data_Sample_TasHandle                    0x20000008   Data           4  freertos.o(.data)
    Key_OLED_TaskHandle                      0x2000000c   Data           4  freertos.o(.data)
    BT_Rx_QueueHandle                        0x20000010   Data           4  freertos.o(.data)
    Ctrl_Cmd_QueueHandle                     0x20000014   Data           4  freertos.o(.data)
    BT_Tx_QueueHandle                        0x20000018   Data           4  freertos.o(.data)
    Display_Data_QueueHandle                 0x2000001c   Data           4  freertos.o(.data)
    DeviceStatus_MutexHandle                 0x20000020   Data           4  freertos.o(.data)
    Key_Event_SemHandle                      0x20000024   Data           4  freertos.o(.data)
    uwTickFreq                               0x20000030   Data           1  stm32f1xx_hal.o(.data)
    uwTickPrio                               0x20000034   Data           4  stm32f1xx_hal.o(.data)
    uwTick                                   0x20000038   Data           4  stm32f1xx_hal.o(.data)
    SystemCoreClock                          0x2000003c   Data           4  system_stm32f1xx.o(.data)
    pxCurrentTCB                             0x20000040   Data           4  tasks.o(.data)
    g_device_status                          0x200000b4   Data          11  freertos.o(.bss)
    htim2                                    0x20000380   Data          72  tim.o(.bss)
    huart1                                   0x200003c8   Data          72  usart.o(.bss)
    hdma_usart1_tx                           0x20000410   Data          68  usart.o(.bss)
    hdma_usart1_rx                           0x20000454   Data          68  usart.o(.bss)
    htim4                                    0x20000498   Data          72  stm32f1xx_hal_timebase_tim.o(.bss)
    __libspace_start                         0x200014f0   Data          96  libspace.o(.bss)
    __temporary_stack_top$libspace           0x20001550   Data           0  libspace.o(.bss)



==============================================================================

Memory Map of the image

  Image Entry point : 0x080000ed

  Load Region LR_IROM1 (Base: 0x08000000, Size: 0x00007100, Max: 0x00010000, ABSOLUTE)

    Execution Region ER_IROM1 (Exec base: 0x08000000, Load base: 0x08000000, Size: 0x0000704c, Max: 0x00010000, ABSOLUTE)

    Exec Addr    Load Addr    Size         Type   Attr      Idx    E Section Name        Object

    0x08000000   0x08000000   0x000000ec   Data   RO            3    RESET               startup_stm32f103xb.o
    0x080000ec   0x080000ec   0x00000008   Code   RO         4690  * !!!main             c_w.l(__main.o)
    0x080000f4   0x080000f4   0x00000034   Code   RO         4945    !!!scatter          c_w.l(__scatter.o)
    0x08000128   0x08000128   0x0000001a   Code   RO         4947    !!handler_copy      c_w.l(__scatter_copy.o)
    0x08000142   0x08000142   0x00000002   PAD
    0x08000144   0x08000144   0x0000001c   Code   RO         4949    !!handler_zi        c_w.l(__scatter_zi.o)
    0x08000160   0x08000160   0x00000000   Code   RO         4669    .ARM.Collect$$_printf_percent$$00000000  c_w.l(_printf_percent.o)
    0x08000160   0x08000160   0x00000006   Code   RO         4668    .ARM.Collect$$_printf_percent$$00000003  c_w.l(_printf_f.o)
    0x08000166   0x08000166   0x00000006   Code   RO         4666    .ARM.Collect$$_printf_percent$$00000009  c_w.l(_printf_d.o)
    0x0800016c   0x0800016c   0x00000006   Code   RO         4667    .ARM.Collect$$_printf_percent$$0000000A  c_w.l(_printf_u.o)
    0x08000172   0x08000172   0x00000006   Code   RO         4665    .ARM.Collect$$_printf_percent$$00000014  c_w.l(_printf_s.o)
    0x08000178   0x08000178   0x00000004   Code   RO         4723    .ARM.Collect$$_printf_percent$$00000017  c_w.l(_printf_percent_end.o)
    0x0800017c   0x0800017c   0x00000002   Code   RO         4815    .ARM.Collect$$libinit$$00000000  c_w.l(libinit.o)
    0x0800017e   0x0800017e   0x00000000   Code   RO         4817    .ARM.Collect$$libinit$$00000002  c_w.l(libinit2.o)
    0x0800017e   0x0800017e   0x00000000   Code   RO         4819    .ARM.Collect$$libinit$$00000004  c_w.l(libinit2.o)
    0x0800017e   0x0800017e   0x00000000   Code   RO         4822    .ARM.Collect$$libinit$$0000000A  c_w.l(libinit2.o)
    0x0800017e   0x0800017e   0x00000000   Code   RO         4824    .ARM.Collect$$libinit$$0000000C  c_w.l(libinit2.o)
    0x0800017e   0x0800017e   0x00000000   Code   RO         4826    .ARM.Collect$$libinit$$0000000E  c_w.l(libinit2.o)
    0x0800017e   0x0800017e   0x00000006   Code   RO         4827    .ARM.Collect$$libinit$$0000000F  c_w.l(libinit2.o)
    0x08000184   0x08000184   0x00000000   Code   RO         4829    .ARM.Collect$$libinit$$00000011  c_w.l(libinit2.o)
    0x08000184   0x08000184   0x0000000c   Code   RO         4830    .ARM.Collect$$libinit$$00000012  c_w.l(libinit2.o)
    0x08000190   0x08000190   0x00000000   Code   RO         4831    .ARM.Collect$$libinit$$00000013  c_w.l(libinit2.o)
    0x08000190   0x08000190   0x00000000   Code   RO         4833    .ARM.Collect$$libinit$$00000015  c_w.l(libinit2.o)
    0x08000190   0x08000190   0x0000000a   Code   RO         4834    .ARM.Collect$$libinit$$00000016  c_w.l(libinit2.o)
    0x0800019a   0x0800019a   0x00000000   Code   RO         4835    .ARM.Collect$$libinit$$00000017  c_w.l(libinit2.o)
    0x0800019a   0x0800019a   0x00000000   Code   RO         4837    .ARM.Collect$$libinit$$00000019  c_w.l(libinit2.o)
    0x0800019a   0x0800019a   0x00000000   Code   RO         4839    .ARM.Collect$$libinit$$0000001B  c_w.l(libinit2.o)
    0x0800019a   0x0800019a   0x00000000   Code   RO         4841    .ARM.Collect$$libinit$$0000001D  c_w.l(libinit2.o)
    0x0800019a   0x0800019a   0x00000000   Code   RO         4843    .ARM.Collect$$libinit$$0000001F  c_w.l(libinit2.o)
    0x0800019a   0x0800019a   0x00000000   Code   RO         4845    .ARM.Collect$$libinit$$00000021  c_w.l(libinit2.o)
    0x0800019a   0x0800019a   0x00000000   Code   RO         4847    .ARM.Collect$$libinit$$00000023  c_w.l(libinit2.o)
    0x0800019a   0x0800019a   0x00000000   Code   RO         4849    .ARM.Collect$$libinit$$00000025  c_w.l(libinit2.o)
    0x0800019a   0x0800019a   0x00000000   Code   RO         4853    .ARM.Collect$$libinit$$0000002C  c_w.l(libinit2.o)
    0x0800019a   0x0800019a   0x00000000   Code   RO         4855    .ARM.Collect$$libinit$$0000002E  c_w.l(libinit2.o)
    0x0800019a   0x0800019a   0x00000000   Code   RO         4857    .ARM.Collect$$libinit$$00000030  c_w.l(libinit2.o)
    0x0800019a   0x0800019a   0x00000000   Code   RO         4859    .ARM.Collect$$libinit$$00000032  c_w.l(libinit2.o)
    0x0800019a   0x0800019a   0x00000002   Code   RO         4860    .ARM.Collect$$libinit$$00000033  c_w.l(libinit2.o)
    0x0800019c   0x0800019c   0x00000002   Code   RO         4893    .ARM.Collect$$libshutdown$$00000000  c_w.l(libshutdown.o)
    0x0800019e   0x0800019e   0x00000000   Code   RO         4904    .ARM.Collect$$libshutdown$$00000002  c_w.l(libshutdown2.o)
    0x0800019e   0x0800019e   0x00000000   Code   RO         4906    .ARM.Collect$$libshutdown$$00000004  c_w.l(libshutdown2.o)
    0x0800019e   0x0800019e   0x00000000   Code   RO         4909    .ARM.Collect$$libshutdown$$00000007  c_w.l(libshutdown2.o)
    0x0800019e   0x0800019e   0x00000000   Code   RO         4912    .ARM.Collect$$libshutdown$$0000000A  c_w.l(libshutdown2.o)
    0x0800019e   0x0800019e   0x00000000   Code   RO         4914    .ARM.Collect$$libshutdown$$0000000C  c_w.l(libshutdown2.o)
    0x0800019e   0x0800019e   0x00000000   Code   RO         4917    .ARM.Collect$$libshutdown$$0000000F  c_w.l(libshutdown2.o)
    0x0800019e   0x0800019e   0x00000002   Code   RO         4918    .ARM.Collect$$libshutdown$$00000010  c_w.l(libshutdown2.o)
    0x080001a0   0x080001a0   0x00000000   Code   RO         4710    .ARM.Collect$$rtentry$$00000000  c_w.l(__rtentry.o)
    0x080001a0   0x080001a0   0x00000000   Code   RO         4738    .ARM.Collect$$rtentry$$00000002  c_w.l(__rtentry2.o)
    0x080001a0   0x080001a0   0x00000006   Code   RO         4750    .ARM.Collect$$rtentry$$00000004  c_w.l(__rtentry4.o)
    0x080001a6   0x080001a6   0x00000000   Code   RO         4740    .ARM.Collect$$rtentry$$00000009  c_w.l(__rtentry2.o)
    0x080001a6   0x080001a6   0x00000004   Code   RO         4741    .ARM.Collect$$rtentry$$0000000A  c_w.l(__rtentry2.o)
    0x080001aa   0x080001aa   0x00000000   Code   RO         4743    .ARM.Collect$$rtentry$$0000000C  c_w.l(__rtentry2.o)
    0x080001aa   0x080001aa   0x00000008   Code   RO         4744    .ARM.Collect$$rtentry$$0000000D  c_w.l(__rtentry2.o)
    0x080001b2   0x080001b2   0x00000002   Code   RO         4861    .ARM.Collect$$rtexit$$00000000  c_w.l(rtexit.o)
    0x080001b4   0x080001b4   0x00000000   Code   RO         4871    .ARM.Collect$$rtexit$$00000002  c_w.l(rtexit2.o)
    0x080001b4   0x080001b4   0x00000004   Code   RO         4872    .ARM.Collect$$rtexit$$00000003  c_w.l(rtexit2.o)
    0x080001b8   0x080001b8   0x00000006   Code   RO         4873    .ARM.Collect$$rtexit$$00000004  c_w.l(rtexit2.o)
    0x080001be   0x080001be   0x00000002   PAD
    0x080001c0   0x080001c0   0x00000096   Code   RO         4203    .emb_text           port.o
    0x08000256   0x08000256   0x00000002   PAD
    0x08000258   0x08000258   0x00000040   Code   RO            4    .text               startup_stm32f103xb.o
    0x08000298   0x08000298   0x00000038   Code   RO         4633    .text               c_w.l(__2snprintf.o)
    0x080002d0   0x080002d0   0x0000004e   Code   RO         4639    .text               c_w.l(_printf_pad.o)
    0x0800031e   0x0800031e   0x00000052   Code   RO         4641    .text               c_w.l(_printf_str.o)
    0x08000370   0x08000370   0x00000078   Code   RO         4643    .text               c_w.l(_printf_dec.o)
    0x080003e8   0x080003e8   0x0000010e   Code   RO         4653    .text               c_w.l(__printf_wp.o)
    0x080004f6   0x080004f6   0x00000002   PAD
    0x080004f8   0x080004f8   0x0000003c   Code   RO         4670    .text               c_w.l(__0sscanf.o)
    0x08000534   0x08000534   0x0000014c   Code   RO         4672    .text               c_w.l(_scanf_int.o)
    0x08000680   0x08000680   0x0000003e   Code   RO         4674    .text               c_w.l(strlen.o)
    0x080006be   0x080006be   0x00000096   Code   RO         4676    .text               c_w.l(strncmp.o)
    0x08000754   0x08000754   0x0000008a   Code   RO         4678    .text               c_w.l(rt_memcpy_v6.o)
    0x080007de   0x080007de   0x00000064   Code   RO         4680    .text               c_w.l(rt_memcpy_w.o)
    0x08000842   0x08000842   0x00000044   Code   RO         4684    .text               c_w.l(rt_memclr.o)
    0x08000886   0x08000886   0x0000004e   Code   RO         4686    .text               c_w.l(rt_memclr_w.o)
    0x080008d4   0x080008d4   0x00000006   Code   RO         4688    .text               c_w.l(heapauxi.o)
    0x080008da   0x080008da   0x000000b2   Code   RO         4711    .text               c_w.l(_printf_intcommon.o)
    0x0800098c   0x0800098c   0x0000041e   Code   RO         4713    .text               c_w.l(_printf_fp_dec.o)
    0x08000daa   0x08000daa   0x00000002   PAD
    0x08000dac   0x08000dac   0x00000030   Code   RO         4715    .text               c_w.l(_printf_char_common.o)
    0x08000ddc   0x08000ddc   0x0000000a   Code   RO         4717    .text               c_w.l(_sputc.o)
    0x08000de6   0x08000de6   0x00000010   Code   RO         4719    .text               c_w.l(_snputc.o)
    0x08000df6   0x08000df6   0x0000002c   Code   RO         4721    .text               c_w.l(_printf_char.o)
    0x08000e22   0x08000e22   0x0000001c   Code   RO         4724    .text               c_w.l(_chval.o)
    0x08000e3e   0x08000e3e   0x00000002   PAD
    0x08000e40   0x08000e40   0x0000002c   Code   RO         4726    .text               c_w.l(scanf_char.o)
    0x08000e6c   0x08000e6c   0x00000040   Code   RO         4728    .text               c_w.l(_sgetc.o)
    0x08000eac   0x08000eac   0x00000008   Code   RO         4755    .text               c_w.l(rt_locale_intlibspace.o)
    0x08000eb4   0x08000eb4   0x0000008a   Code   RO         4757    .text               c_w.l(lludiv10.o)
    0x08000f3e   0x08000f3e   0x00000012   Code   RO         4759    .text               c_w.l(isspace.o)
    0x08000f50   0x08000f50   0x00000080   Code   RO         4761    .text               c_w.l(_printf_fp_infnan.o)
    0x08000fd0   0x08000fd0   0x00000374   Code   RO         4765    .text               c_w.l(_scanf.o)
    0x08001344   0x08001344   0x000000e4   Code   RO         4767    .text               c_w.l(bigflt0.o)
    0x08001428   0x08001428   0x00000008   Code   RO         4799    .text               c_w.l(libspace.o)
    0x08001430   0x08001430   0x0000004a   Code   RO         4802    .text               c_w.l(sys_stackheap_outer.o)
    0x0800147a   0x0800147a   0x00000002   PAD
    0x0800147c   0x0800147c   0x00000010   Code   RO         4804    .text               c_w.l(rt_ctype_table.o)
    0x0800148c   0x0800148c   0x00000012   Code   RO         4806    .text               c_w.l(exit.o)
    0x0800149e   0x0800149e   0x00000002   PAD
    0x080014a0   0x080014a0   0x00000080   Code   RO         4808    .text               c_w.l(strcmpv7m.o)
    0x08001520   0x08001520   0x0000000c   Code   RO         4883    .text               c_w.l(sys_exit.o)
    0x0800152c   0x0800152c   0x00000002   Code   RO         4894    .text               c_w.l(use_no_semi.o)
    0x0800152e   0x0800152e   0x00000000   Code   RO         4896    .text               c_w.l(indicate_semi.o)
    0x0800152e   0x0800152e   0x0000003e   Code   RO         4770    CL$$btod_d2e        c_w.l(btod.o)
    0x0800156c   0x0800156c   0x00000046   Code   RO         4772    CL$$btod_d2e_denorm_low  c_w.l(btod.o)
    0x080015b2   0x080015b2   0x00000060   Code   RO         4771    CL$$btod_d2e_norm_op1  c_w.l(btod.o)
    0x08001612   0x08001612   0x00000338   Code   RO         4780    CL$$btod_div_common  c_w.l(btod.o)
    0x0800194a   0x0800194a   0x000000dc   Code   RO         4777    CL$$btod_e2e        c_w.l(btod.o)
    0x08001a26   0x08001a26   0x0000002a   Code   RO         4774    CL$$btod_ediv       c_w.l(btod.o)
    0x08001a50   0x08001a50   0x0000002a   Code   RO         4773    CL$$btod_emul       c_w.l(btod.o)
    0x08001a7a   0x08001a7a   0x00000244   Code   RO         4779    CL$$btod_mult_common  c_w.l(btod.o)
    0x08001cbe   0x08001cbe   0x00000002   Code   RO          436    i.BusFault_Handler  stm32f1xx_it.o
    0x08001cc0   0x08001cc0   0x00000144   Code   RO         4358    i.DHT11_ReadData    dht11.o
    0x08001e04   0x08001e04   0x0000000c   Code   RO          437    i.DMA1_Channel4_IRQHandler  stm32f1xx_it.o
    0x08001e10   0x08001e10   0x0000000c   Code   RO          438    i.DMA1_Channel5_IRQHandler  stm32f1xx_it.o
    0x08001e1c   0x08001e1c   0x0000002a   Code   RO         1982    i.DMA_SetConfig     stm32f1xx_hal_dma.o
    0x08001e46   0x08001e46   0x00000002   Code   RO          439    i.DebugMon_Handler  stm32f1xx_it.o
    0x08001e48   0x08001e48   0x00000006   Code   RO          440    i.EXTI0_IRQHandler  stm32f1xx_it.o
    0x08001e4e   0x08001e4e   0x00000004   Code   RO           13    i.Error_Handler     main.o
    0x08001e52   0x08001e52   0x00000046   Code   RO         1983    i.HAL_DMA_Abort     stm32f1xx_hal_dma.o
    0x08001e98   0x08001e98   0x00000098   Code   RO         1984    i.HAL_DMA_Abort_IT  stm32f1xx_hal_dma.o
    0x08001f30   0x08001f30   0x00000154   Code   RO         1988    i.HAL_DMA_IRQHandler  stm32f1xx_hal_dma.o
    0x08002084   0x08002084   0x0000005c   Code   RO         1989    i.HAL_DMA_Init      stm32f1xx_hal_dma.o
    0x080020e0   0x080020e0   0x00000070   Code   RO         1993    i.HAL_DMA_Start_IT  stm32f1xx_hal_dma.o
    0x08002150   0x08002150   0x00000024   Code   RO         1609    i.HAL_Delay         stm32f1xx_hal.o
    0x08002174   0x08002174   0x00000014   Code   RO          441    i.HAL_GPIO_EXTI_Callback  stm32f1xx_it.o
    0x08002188   0x08002188   0x00000018   Code   RO         1918    i.HAL_GPIO_EXTI_IRQHandler  stm32f1xx_hal_gpio.o
    0x080021a0   0x080021a0   0x000001e0   Code   RO         1919    i.HAL_GPIO_Init     stm32f1xx_hal_gpio.o
    0x08002380   0x08002380   0x0000000a   Code   RO         1921    i.HAL_GPIO_ReadPin  stm32f1xx_hal_gpio.o
    0x0800238a   0x0800238a   0x0000000a   Code   RO         1923    i.HAL_GPIO_WritePin  stm32f1xx_hal_gpio.o
    0x08002394   0x08002394   0x0000000c   Code   RO         1613    i.HAL_GetTick       stm32f1xx_hal.o
    0x080023a0   0x080023a0   0x00000010   Code   RO         1619    i.HAL_IncTick       stm32f1xx_hal.o
    0x080023b0   0x080023b0   0x00000024   Code   RO         1620    i.HAL_Init          stm32f1xx_hal.o
    0x080023d4   0x080023d4   0x00000098   Code   RO          554    i.HAL_InitTick      stm32f1xx_hal_timebase_tim.o
    0x0800246c   0x0800246c   0x00000048   Code   RO          530    i.HAL_MspInit       stm32f1xx_hal_msp.o
    0x080024b4   0x080024b4   0x0000001a   Code   RO         2079    i.HAL_NVIC_EnableIRQ  stm32f1xx_hal_cortex.o
    0x080024ce   0x080024ce   0x00000002   PAD
    0x080024d0   0x080024d0   0x00000040   Code   RO         2085    i.HAL_NVIC_SetPriority  stm32f1xx_hal_cortex.o
    0x08002510   0x08002510   0x00000024   Code   RO         2086    i.HAL_NVIC_SetPriorityGrouping  stm32f1xx_hal_cortex.o
    0x08002534   0x08002534   0x0000012c   Code   RO         1777    i.HAL_RCC_ClockConfig  stm32f1xx_hal_rcc.o
    0x08002660   0x08002660   0x00000040   Code   RO         1781    i.HAL_RCC_GetClockConfig  stm32f1xx_hal_rcc.o
    0x080026a0   0x080026a0   0x00000020   Code   RO         1784    i.HAL_RCC_GetPCLK1Freq  stm32f1xx_hal_rcc.o
    0x080026c0   0x080026c0   0x00000020   Code   RO         1785    i.HAL_RCC_GetPCLK2Freq  stm32f1xx_hal_rcc.o
    0x080026e0   0x080026e0   0x0000004c   Code   RO         1786    i.HAL_RCC_GetSysClockFreq  stm32f1xx_hal_rcc.o
    0x0800272c   0x0800272c   0x00000320   Code   RO         1789    i.HAL_RCC_OscConfig  stm32f1xx_hal_rcc.o
    0x08002a4c   0x08002a4c   0x00000002   Code   RO         1335    i.HAL_TIMEx_BreakCallback  stm32f1xx_hal_tim_ex.o
    0x08002a4e   0x08002a4e   0x00000002   Code   RO         1336    i.HAL_TIMEx_CommutCallback  stm32f1xx_hal_tim_ex.o
    0x08002a50   0x08002a50   0x00000068   Code   RO         1354    i.HAL_TIMEx_MasterConfigSynchronization  stm32f1xx_hal_tim_ex.o
    0x08002ab8   0x08002ab8   0x0000005a   Code   RO          631    i.HAL_TIM_Base_Init  stm32f1xx_hal_tim.o
    0x08002b12   0x08002b12   0x00000002   PAD
    0x08002b14   0x08002b14   0x00000024   Code   RO          347    i.HAL_TIM_Base_MspInit  tim.o
    0x08002b38   0x08002b38   0x00000058   Code   RO          636    i.HAL_TIM_Base_Start_IT  stm32f1xx_hal_tim.o
    0x08002b90   0x08002b90   0x000000dc   Code   RO          640    i.HAL_TIM_ConfigClockSource  stm32f1xx_hal_tim.o
    0x08002c6c   0x08002c6c   0x00000002   Code   RO          665    i.HAL_TIM_IC_CaptureCallback  stm32f1xx_hal_tim.o
    0x08002c6e   0x08002c6e   0x00000130   Code   RO          679    i.HAL_TIM_IRQHandler  stm32f1xx_hal_tim.o
    0x08002d9e   0x08002d9e   0x00000002   PAD
    0x08002da0   0x08002da0   0x00000048   Code   RO          348    i.HAL_TIM_MspPostInit  tim.o
    0x08002de8   0x08002de8   0x00000002   Code   RO          682    i.HAL_TIM_OC_DelayElapsedCallback  stm32f1xx_hal_tim.o
    0x08002dea   0x08002dea   0x000000cc   Code   RO          703    i.HAL_TIM_PWM_ConfigChannel  stm32f1xx_hal_tim.o
    0x08002eb6   0x08002eb6   0x0000005a   Code   RO          706    i.HAL_TIM_PWM_Init  stm32f1xx_hal_tim.o
    0x08002f10   0x08002f10   0x00000002   Code   RO          708    i.HAL_TIM_PWM_MspInit  stm32f1xx_hal_tim.o
    0x08002f12   0x08002f12   0x00000002   Code   RO          709    i.HAL_TIM_PWM_PulseFinishedCallback  stm32f1xx_hal_tim.o
    0x08002f14   0x08002f14   0x0000009c   Code   RO          711    i.HAL_TIM_PWM_Start  stm32f1xx_hal_tim.o
    0x08002fb0   0x08002fb0   0x00000014   Code   RO           14    i.HAL_TIM_PeriodElapsedCallback  main.o
    0x08002fc4   0x08002fc4   0x00000002   Code   RO          722    i.HAL_TIM_TriggerCallback  stm32f1xx_hal_tim.o
    0x08002fc6   0x08002fc6   0x00000002   Code   RO         2591    i.HAL_UARTEx_RxEventCallback  stm32f1xx_hal_uart.o
    0x08002fc8   0x08002fc8   0x00000070   Code   RO         2603    i.HAL_UART_DMAStop  stm32f1xx_hal_uart.o
    0x08003038   0x08003038   0x00000002   Code   RO         2605    i.HAL_UART_ErrorCallback  stm32f1xx_hal_uart.o
    0x0800303a   0x0800303a   0x00000002   PAD
    0x0800303c   0x0800303c   0x0000026c   Code   RO         2608    i.HAL_UART_IRQHandler  stm32f1xx_hal_uart.o
    0x080032a8   0x080032a8   0x00000094   Code   RO         4513    i.HAL_UART_IdleCallback  jdy31.o
    0x0800333c   0x0800333c   0x00000064   Code   RO         2609    i.HAL_UART_Init     stm32f1xx_hal_uart.o
    0x080033a0   0x080033a0   0x000000e4   Code   RO          395    i.HAL_UART_MspInit  usart.o
    0x08003484   0x08003484   0x0000001c   Code   RO         2613    i.HAL_UART_Receive_DMA  stm32f1xx_hal_uart.o
    0x080034a0   0x080034a0   0x00000002   Code   RO         2615    i.HAL_UART_RxCpltCallback  stm32f1xx_hal_uart.o
    0x080034a2   0x080034a2   0x00000002   Code   RO         2616    i.HAL_UART_RxHalfCpltCallback  stm32f1xx_hal_uart.o
    0x080034a4   0x080034a4   0x00000078   Code   RO         2618    i.HAL_UART_Transmit_DMA  stm32f1xx_hal_uart.o
    0x0800351c   0x0800351c   0x00000002   Code   RO         2620    i.HAL_UART_TxCpltCallback  stm32f1xx_hal_uart.o
    0x0800351e   0x0800351e   0x00000002   Code   RO         2621    i.HAL_UART_TxHalfCpltCallback  stm32f1xx_hal_uart.o
    0x08003520   0x08003520   0x00000002   Code   RO          442    i.HardFault_Handler  stm32f1xx_it.o
    0x08003522   0x08003522   0x00000002   PAD
    0x08003524   0x08003524   0x0000001c   Code   RO         4514    i.JDY31_ClearRxBuf  jdy31.o
    0x08003540   0x08003540   0x00000018   Code   RO         4515    i.JDY31_DMA_Send    jdy31.o
    0x08003558   0x08003558   0x00000008   Code   RO         4516    i.JDY31_GetRxBuf    jdy31.o
    0x08003560   0x08003560   0x0000000c   Code   RO         4517    i.JDY31_GetRxLen    jdy31.o
    0x0800356c   0x0800356c   0x00000024   Code   RO         4518    i.JDY31_IRQHandler  jdy31.o
    0x08003590   0x08003590   0x00000038   Code   RO         4519    i.JDY31_Init        jdy31.o
    0x080035c8   0x080035c8   0x0000000c   Code   RO         4521    i.JDY31_SetRxQueue  jdy31.o
    0x080035d4   0x080035d4   0x0000003c   Code   RO          322    i.MX_DMA_Init       dma.o
    0x08003610   0x08003610   0x000000dc   Code   RO          232    i.MX_FREERTOS_Init  freertos.o
    0x080036ec   0x080036ec   0x000000f4   Code   RO          208    i.MX_GPIO_Init      gpio.o
    0x080037e0   0x080037e0   0x0000009c   Code   RO          349    i.MX_TIM2_Init      tim.o
    0x0800387c   0x0800387c   0x00000038   Code   RO          396    i.MX_USART1_UART_Init  usart.o
    0x080038b4   0x080038b4   0x00000002   Code   RO          443    i.MemManage_Handler  stm32f1xx_it.o
    0x080038b6   0x080038b6   0x00000002   Code   RO          444    i.NMI_Handler       stm32f1xx_it.o
    0x080038b8   0x080038b8   0x00000026   Code   RO         4395    i.OLED_Clear        oled.o
    0x080038de   0x080038de   0x00000002   PAD
    0x080038e0   0x080038e0   0x00000054   Code   RO         4396    i.OLED_I2C_Init     oled.o
    0x08003934   0x08003934   0x00000064   Code   RO         4397    i.OLED_I2C_SendByte  oled.o
    0x08003998   0x08003998   0x00000038   Code   RO         4398    i.OLED_I2C_Start    oled.o
    0x080039d0   0x080039d0   0x00000030   Code   RO         4399    i.OLED_I2C_Stop     oled.o
    0x08003a00   0x08003a00   0x0000009e   Code   RO         4400    i.OLED_Init         oled.o
    0x08003a9e   0x08003a9e   0x00000022   Code   RO         4402    i.OLED_SetCursor    oled.o
    0x08003ac0   0x08003ac0   0x00000068   Code   RO         4404    i.OLED_ShowChar     oled.o
    0x08003b28   0x08003b28   0x00000026   Code   RO         4408    i.OLED_ShowString   oled.o
    0x08003b4e   0x08003b4e   0x00000022   Code   RO         4409    i.OLED_WriteCommand  oled.o
    0x08003b70   0x08003b70   0x00000022   Code   RO         4410    i.OLED_WriteData    oled.o
    0x08003b92   0x08003b92   0x00000002   PAD
    0x08003b94   0x08003b94   0x00000134   Code   RO          233    i.StartBTCommTask   freertos.o
    0x08003cc8   0x08003cc8   0x0000015c   Code   RO          234    i.StartCtrlExecTask  freertos.o
    0x08003e24   0x08003e24   0x00000124   Code   RO          235    i.StartDataSampleTask  freertos.o
    0x08003f48   0x08003f48   0x00000160   Code   RO          236    i.StartOLEDTask     freertos.o
    0x080040a8   0x080040a8   0x0000002c   Code   RO         4204    i.SysTick_Handler   port.o
    0x080040d4   0x080040d4   0x0000005e   Code   RO           15    i.SystemClock_Config  main.o
    0x08004132   0x08004132   0x00000002   Code   RO         2943    i.SystemInit        system_stm32f1xx.o
    0x08004134   0x08004134   0x0000000c   Code   RO          445    i.TIM4_IRQHandler   stm32f1xx_it.o
    0x08004140   0x08004140   0x00000078   Code   RO          724    i.TIM_Base_SetConfig  stm32f1xx_hal_tim.o
    0x080041b8   0x080041b8   0x0000001a   Code   RO          725    i.TIM_CCxChannelCmd  stm32f1xx_hal_tim.o
    0x080041d2   0x080041d2   0x00000014   Code   RO          735    i.TIM_ETR_SetConfig  stm32f1xx_hal_tim.o
    0x080041e6   0x080041e6   0x00000010   Code   RO          736    i.TIM_ITRx_SetConfig  stm32f1xx_hal_tim.o
    0x080041f6   0x080041f6   0x00000002   PAD
    0x080041f8   0x080041f8   0x00000050   Code   RO          737    i.TIM_OC1_SetConfig  stm32f1xx_hal_tim.o
    0x08004248   0x08004248   0x00000058   Code   RO          738    i.TIM_OC2_SetConfig  stm32f1xx_hal_tim.o
    0x080042a0   0x080042a0   0x00000058   Code   RO          739    i.TIM_OC3_SetConfig  stm32f1xx_hal_tim.o
    0x080042f8   0x080042f8   0x00000044   Code   RO          740    i.TIM_OC4_SetConfig  stm32f1xx_hal_tim.o
    0x0800433c   0x0800433c   0x00000022   Code   RO          742    i.TIM_TI1_ConfigInputStage  stm32f1xx_hal_tim.o
    0x0800435e   0x0800435e   0x00000024   Code   RO          744    i.TIM_TI2_ConfigInputStage  stm32f1xx_hal_tim.o
    0x08004382   0x08004382   0x00000010   Code   RO         2622    i.UART_DMAAbortOnError  stm32f1xx_hal_uart.o
    0x08004392   0x08004392   0x0000004a   Code   RO         2623    i.UART_DMAError     stm32f1xx_hal_uart.o
    0x080043dc   0x080043dc   0x00000086   Code   RO         2624    i.UART_DMAReceiveCplt  stm32f1xx_hal_uart.o
    0x08004462   0x08004462   0x0000001e   Code   RO         2626    i.UART_DMARxHalfCplt  stm32f1xx_hal_uart.o
    0x08004480   0x08004480   0x00000042   Code   RO         2628    i.UART_DMATransmitCplt  stm32f1xx_hal_uart.o
    0x080044c2   0x080044c2   0x0000000a   Code   RO         2630    i.UART_DMATxHalfCplt  stm32f1xx_hal_uart.o
    0x080044cc   0x080044cc   0x0000004e   Code   RO         2632    i.UART_EndRxTransfer  stm32f1xx_hal_uart.o
    0x0800451a   0x0800451a   0x0000001c   Code   RO         2633    i.UART_EndTxTransfer  stm32f1xx_hal_uart.o
    0x08004536   0x08004536   0x000000c2   Code   RO         2634    i.UART_Receive_IT   stm32f1xx_hal_uart.o
    0x080045f8   0x080045f8   0x000000b8   Code   RO         2635    i.UART_SetConfig    stm32f1xx_hal_uart.o
    0x080046b0   0x080046b0   0x00000090   Code   RO         2636    i.UART_Start_Receive_DMA  stm32f1xx_hal_uart.o
    0x08004740   0x08004740   0x00000014   Code   RO          446    i.USART1_IRQHandler  stm32f1xx_it.o
    0x08004754   0x08004754   0x00000002   Code   RO          447    i.UsageFault_Handler  stm32f1xx_it.o
    0x08004756   0x08004756   0x00000028   Code   RO         4797    i.__ARM_fpclassify  m_ws.l(fpclassify.o)
    0x0800477e   0x0800477e   0x00000020   Code   RO         2092    i.__NVIC_SetPriority  stm32f1xx_hal_cortex.o
    0x0800479e   0x0800479e   0x0000000e   Code   RO         4655    i._is_digit         c_w.l(__printf_wp.o)
    0x080047ac   0x080047ac   0x00000016   Code   RO         4359    i.delay_us          dht11.o
    0x080047c2   0x080047c2   0x0000000c   Code   RO         3767    i.inHandlerMode     cmsis_os.o
    0x080047ce   0x080047ce   0x00000002   Code   RO         4331    i.key_init          key.o
    0x080047d0   0x080047d0   0x00000034   Code   RO         4283    i.led_init          led.o
    0x08004804   0x08004804   0x00000010   Code   RO         4284    i.led_off           led.o
    0x08004814   0x08004814   0x00000010   Code   RO         4285    i.led_on            led.o
    0x08004824   0x08004824   0x00000026   Code   RO           16    i.main              main.o
    0x0800484a   0x0800484a   0x0000000c   Code   RO         3769    i.makeFreeRtosPriority  cmsis_os.o
    0x08004856   0x08004856   0x0000000e   Code   RO         3771    i.osDelay           cmsis_os.o
    0x08004864   0x08004864   0x0000000a   Code   RO         3774    i.osKernelStart     cmsis_os.o
    0x0800486e   0x0800486e   0x00000018   Code   RO         3775    i.osKernelSysTick   cmsis_os.o
    0x08004886   0x08004886   0x00000026   Code   RO         3783    i.osMessageCreate   cmsis_os.o
    0x080048ac   0x080048ac   0x00000094   Code   RO         3785    i.osMessageGet      cmsis_os.o
    0x08004940   0x08004940   0x0000005c   Code   RO         3787    i.osMessagePut      cmsis_os.o
    0x0800499c   0x0800499c   0x00000010   Code   RO         3789    i.osMutexCreate     cmsis_os.o
    0x080049ac   0x080049ac   0x00000050   Code   RO         3791    i.osMutexRelease    cmsis_os.o
    0x080049fc   0x080049fc   0x00000064   Code   RO         3792    i.osMutexWait       cmsis_os.o
    0x08004a60   0x08004a60   0x0000003e   Code   RO         3800    i.osSemaphoreCreate  cmsis_os.o
    0x08004a9e   0x08004a9e   0x00000002   PAD
    0x08004aa0   0x08004aa0   0x00000050   Code   RO         3803    i.osSemaphoreRelease  cmsis_os.o
    0x08004af0   0x08004af0   0x00000064   Code   RO         3804    i.osSemaphoreWait   cmsis_os.o
    0x08004b54   0x08004b54   0x00000054   Code   RO         3808    i.osThreadCreate    cmsis_os.o
    0x08004ba8   0x08004ba8   0x00000070   Code   RO         3445    i.prvAddCurrentTaskToDelayedList  tasks.o
    0x08004c18   0x08004c18   0x000000d0   Code   RO         3446    i.prvAddNewTaskToReadyList  tasks.o
    0x08004ce8   0x08004ce8   0x00000026   Code   RO         3121    i.prvCopyDataFromQueue  queue.o
    0x08004d0e   0x08004d0e   0x0000006c   Code   RO         3122    i.prvCopyDataToQueue  queue.o
    0x08004d7a   0x08004d7a   0x00000034   Code   RO         3447    i.prvDeleteTCB      tasks.o
    0x08004dae   0x08004dae   0x00000002   PAD
    0x08004db0   0x08004db0   0x0000004c   Code   RO         4136    i.prvHeapInit       heap_4.o
    0x08004dfc   0x08004dfc   0x00000060   Code   RO         3448    i.prvIdleTask       tasks.o
    0x08004e5c   0x08004e5c   0x00000016   Code   RO         3123    i.prvInitialiseMutex  queue.o
    0x08004e72   0x08004e72   0x00000016   Code   RO         3124    i.prvInitialiseNewQueue  queue.o
    0x08004e88   0x08004e88   0x00000098   Code   RO         3449    i.prvInitialiseNewTask  tasks.o
    0x08004f20   0x08004f20   0x0000004c   Code   RO         4137    i.prvInsertBlockIntoFreeList  heap_4.o
    0x08004f6c   0x08004f6c   0x0000001c   Code   RO         3125    i.prvIsQueueEmpty   queue.o
    0x08004f88   0x08004f88   0x00000020   Code   RO         3450    i.prvResetNextTaskUnblockTime  tasks.o
    0x08004fa8   0x08004fa8   0x00000028   Code   RO         4205    i.prvTaskExitError  port.o
    0x08004fd0   0x08004fd0   0x0000006a   Code   RO         3126    i.prvUnlockQueue    queue.o
    0x0800503a   0x0800503a   0x00000002   PAD
    0x0800503c   0x0800503c   0x000000dc   Code   RO         4138    i.pvPortMalloc      heap_4.o
    0x08005118   0x08005118   0x00000018   Code   RO         3452    i.pvTaskIncrementMutexHeldCount  tasks.o
    0x08005130   0x08005130   0x00000024   Code   RO         4206    i.pxPortInitialiseStack  port.o
    0x08005154   0x08005154   0x0000008c   Code   RO         4360    i.read_bit          dht11.o
    0x080051e0   0x080051e0   0x00000018   Code   RO         4597    i.sg90_init         sg90.o
    0x080051f8   0x080051f8   0x00000034   Code   RO         4598    i.sg90_set_angle    sg90.o
    0x0800522c   0x0800522c   0x00000026   Code   RO         3081    i.uxListRemove      list.o
    0x08005252   0x08005252   0x00000002   PAD
    0x08005254   0x08005254   0x00000014   Code   RO          237    i.vApplicationGetIdleTaskMemory  freertos.o
    0x08005268   0x08005268   0x00000016   Code   RO         3082    i.vListInitialise   list.o
    0x0800527e   0x0800527e   0x00000006   Code   RO         3083    i.vListInitialiseItem  list.o
    0x08005284   0x08005284   0x00000030   Code   RO         3084    i.vListInsert       list.o
    0x080052b4   0x080052b4   0x00000018   Code   RO         3085    i.vListInsertEnd    list.o
    0x080052cc   0x080052cc   0x00000040   Code   RO         4208    i.vPortEnterCritical  port.o
    0x0800530c   0x0800530c   0x00000028   Code   RO         4209    i.vPortExitCritical  port.o
    0x08005334   0x08005334   0x00000064   Code   RO         4139    i.vPortFree         heap_4.o
    0x08005398   0x08005398   0x00000024   Code   RO         4210    i.vPortSetupTimerInterrupt  port.o
    0x080053bc   0x080053bc   0x00000054   Code   RO         4211    i.vPortValidateInterruptPriority  port.o
    0x08005410   0x08005410   0x0000004c   Code   RO         3459    i.vTaskDelay        tasks.o
    0x0800545c   0x0800545c   0x0000008c   Code   RO         3460    i.vTaskDelayUntil   tasks.o
    0x080054e8   0x080054e8   0x00000010   Code   RO         3463    i.vTaskInternalSetTimeOutState  tasks.o
    0x080054f8   0x080054f8   0x0000000c   Code   RO         3464    i.vTaskMissedYield  tasks.o
    0x08005504   0x08005504   0x00000030   Code   RO         3466    i.vTaskPlaceOnEventList  tasks.o
    0x08005534   0x08005534   0x000000a0   Code   RO         3468    i.vTaskPriorityDisinheritAfterTimeout  tasks.o
    0x080055d4   0x080055d4   0x0000006c   Code   RO         3473    i.vTaskStartScheduler  tasks.o
    0x08005640   0x08005640   0x00000010   Code   RO         3475    i.vTaskSuspendAll   tasks.o
    0x08005650   0x08005650   0x0000005c   Code   RO         3476    i.vTaskSwitchContext  tasks.o
    0x080056ac   0x080056ac   0x000000a8   Code   RO         4212    i.xPortStartScheduler  port.o
    0x08005754   0x08005754   0x00000016   Code   RO         3133    i.xQueueCreateMutex  queue.o
    0x0800576a   0x0800576a   0x0000001a   Code   RO         3134    i.xQueueCreateMutexStatic  queue.o
    0x08005784   0x08005784   0x00000042   Code   RO         3135    i.xQueueGenericCreate  queue.o
    0x080057c6   0x080057c6   0x00000066   Code   RO         3136    i.xQueueGenericCreateStatic  queue.o
    0x0800582c   0x0800582c   0x00000088   Code   RO         3137    i.xQueueGenericReset  queue.o
    0x080058b4   0x080058b4   0x00000160   Code   RO         3138    i.xQueueGenericSend  queue.o
    0x08005a14   0x08005a14   0x000000be   Code   RO         3139    i.xQueueGenericSendFromISR  queue.o
    0x08005ad2   0x08005ad2   0x0000009c   Code   RO         3140    i.xQueueGiveFromISR  queue.o
    0x08005b6e   0x08005b6e   0x00000002   PAD
    0x08005b70   0x08005b70   0x00000138   Code   RO         3145    i.xQueueReceive     queue.o
    0x08005ca8   0x08005ca8   0x0000009a   Code   RO         3146    i.xQueueReceiveFromISR  queue.o
    0x08005d42   0x08005d42   0x00000002   PAD
    0x08005d44   0x08005d44   0x00000178   Code   RO         3147    i.xQueueSemaphoreTake  queue.o
    0x08005ebc   0x08005ebc   0x00000074   Code   RO         3478    i.xTaskCheckForTimeOut  tasks.o
    0x08005f30   0x08005f30   0x0000005a   Code   RO         3479    i.xTaskCreate       tasks.o
    0x08005f8a   0x08005f8a   0x00000056   Code   RO         3480    i.xTaskCreateStatic  tasks.o
    0x08005fe0   0x08005fe0   0x0000001c   Code   RO         3484    i.xTaskGetSchedulerState  tasks.o
    0x08005ffc   0x08005ffc   0x0000000c   Code   RO         3485    i.xTaskGetTickCount  tasks.o
    0x08006008   0x08006008   0x00000010   Code   RO         3486    i.xTaskGetTickCountFromISR  tasks.o
    0x08006018   0x08006018   0x000000cc   Code   RO         3487    i.xTaskIncrementTick  tasks.o
    0x080060e4   0x080060e4   0x00000098   Code   RO         3490    i.xTaskPriorityDisinherit  tasks.o
    0x0800617c   0x0800617c   0x0000008c   Code   RO         3491    i.xTaskPriorityInherit  tasks.o
    0x08006208   0x08006208   0x00000074   Code   RO         3492    i.xTaskRemoveFromEventList  tasks.o
    0x0800627c   0x0800627c   0x000000c4   Code   RO         3493    i.xTaskResumeAll    tasks.o
    0x08006340   0x08006340   0x0000002c   Code   RO         4793    locale$$code        c_w.l(lc_numeric_c.o)
    0x0800636c   0x0800636c   0x0000002c   Code   RO         4864    locale$$code        c_w.l(lc_ctype_c.o)
    0x08006398   0x08006398   0x0000000c   Code   RO         4730    x$fpl$dretinf       fz_ws.l(dretinf.o)
    0x080063a4   0x080063a4   0x00000056   Code   RO         4692    x$fpl$f2d           fz_ws.l(f2d.o)
    0x080063fa   0x080063fa   0x00000002   PAD
    0x080063fc   0x080063fc   0x000000c4   Code   RO         4694    x$fpl$fadd          fz_ws.l(faddsub_clz.o)
    0x080064c0   0x080064c0   0x00000026   Code   RO         4700    x$fpl$ffltu         fz_ws.l(fflt_clz.o)
    0x080064e6   0x080064e6   0x00000002   PAD
    0x080064e8   0x080064e8   0x00000102   Code   RO         4706    x$fpl$fmul          fz_ws.l(fmul.o)
    0x080065ea   0x080065ea   0x0000008c   Code   RO         4732    x$fpl$fnaninf       fz_ws.l(fnaninf.o)
    0x08006676   0x08006676   0x0000000a   Code   RO         4734    x$fpl$fretinf       fz_ws.l(fretinf.o)
    0x08006680   0x08006680   0x000000ea   Code   RO         4696    x$fpl$fsub          fz_ws.l(faddsub_clz.o)
    0x0800676a   0x0800676a   0x00000004   Code   RO         4708    x$fpl$printf1       fz_ws.l(printf1.o)
    0x0800676e   0x0800676e   0x00000000   Code   RO         4736    x$fpl$usenofp       fz_ws.l(usenofp.o)
    0x0800676e   0x0800676e   0x00000002   PAD
    0x08006770   0x08006770   0x000000a0   Data   RO          239    .constdata          freertos.o
    0x08006810   0x08006810   0x00000012   Data   RO         1790    .constdata          stm32f1xx_hal_rcc.o
    0x08006822   0x08006822   0x00000010   Data   RO         2944    .constdata          system_stm32f1xx.o
    0x08006832   0x08006832   0x00000008   Data   RO         2945    .constdata          system_stm32f1xx.o
    0x0800683a   0x0800683a   0x000005f0   Data   RO         4411    .constdata          oled.o
    0x08006e2a   0x08006e2a   0x00000002   PAD
    0x08006e2c   0x08006e2c   0x00000094   Data   RO         4768    .constdata          c_w.l(bigflt0.o)
    0x08006ec0   0x08006ec0   0x00000040   Data   RO          240    .conststring        freertos.o
    0x08006f00   0x08006f00   0x00000020   Data   RO         4943    Region$$Table       anon$$obj.o
    0x08006f20   0x08006f20   0x0000001c   Data   RO         4792    locale$$data        c_w.l(lc_numeric_c.o)
    0x08006f3c   0x08006f3c   0x00000110   Data   RO         4863    locale$$data        c_w.l(lc_ctype_c.o)


    Execution Region RW_IRAM1 (Exec base: 0x20000000, Load base: 0x0800704c, Size: 0x00001b50, Max: 0x00005000, ABSOLUTE)

    Exec Addr    Load Addr    Size         Type   Attr      Idx    E Section Name        Object

    0x20000000   0x0800704c   0x0000002d   Data   RW          241    .data               freertos.o
    0x2000002d   0x08007079   0x00000003   PAD
    0x20000030   0x0800707c   0x0000000c   Data   RW         1627    .data               stm32f1xx_hal.o
    0x2000003c   0x08007088   0x00000004   Data   RW         2946    .data               system_stm32f1xx.o
    0x20000040   0x0800708c   0x0000003c   Data   RW         3496    .data               tasks.o
    0x2000007c   0x080070c8   0x00000020   Data   RW         4145    .data               heap_4.o
    0x2000009c   0x080070e8   0x0000000c   Data   RW         4213    .data               port.o
    0x200000a8   0x080070f4   0x00000008   Data   RW         4524    .data               jdy31.o
    0x200000b0   0x080070fc   0x00000001   Data   RW         4599    .data               sg90.o
    0x200000b1   0x080070fd   0x00000003   PAD
    0x200000b4        -       0x000002cc   Zero   RW          238    .bss                freertos.o
    0x20000380        -       0x00000048   Zero   RW          350    .bss                tim.o
    0x200003c8        -       0x000000d0   Zero   RW          397    .bss                usart.o
    0x20000498        -       0x00000048   Zero   RW          557    .bss                stm32f1xx_hal_timebase_tim.o
    0x200004e0        -       0x000000f0   Zero   RW         3495    .bss                tasks.o
    0x200005d0        -       0x00000f00   Zero   RW         4144    .bss                heap_4.o
    0x200014d0        -       0x00000020   Zero   RW         4523    .bss                jdy31.o
    0x200014f0        -       0x00000060   Zero   RW         4800    .bss                c_w.l(libspace.o)
    0x20001550        -       0x00000200   Zero   RW            2    HEAP                startup_stm32f103xb.o
    0x20001750        -       0x00000400   Zero   RW            1    STACK               startup_stm32f103xb.o


==============================================================================

Image component sizes


      Code (inc. data)   RO Data    RW Data    ZI Data      Debug   Object Name

       872         30          0          0          0      36329   cmsis_os.o
       486         12          0          0          0       3989   dht11.o
        60          4          0          0          0        834   dma.o
         0          0          0          0          0      20336   event_groups.o
      1540        272        224         45        716      13302   freertos.o
       244         20          0          0          0       1063   gpio.o
       472         24          0         32       3840       7763   heap_4.o
       324         68          0          8         32       5293   jdy31.o
         2          0          0          0          0        435   key.o
        84         14          0          0          0       1378   led.o
       138          0          0          0          0       3726   list.o
       156          6          0          0          0     461688   main.o
       728         32       1520          0          0       7632   oled.o
       662         70          0         12          0      11733   port.o
      2216         18          0          0          0      24049   queue.o
        76          8          0          1          0       1761   sg90.o
        64         26        236          0       1536        832   startup_stm32f103xb.o
       100         18          0         12          0       5578   stm32f1xx_hal.o
       158         14          0          0          0      28578   stm32f1xx_hal_cortex.o
       808         36          0          0          0       5370   stm32f1xx_hal_dma.o
       524         40          0          0          0       4390   stm32f1xx_hal_gpio.o
        72         10          0          0          0        938   stm32f1xx_hal_msp.o
      1304         94         18          0          0       6133   stm32f1xx_hal_rcc.o
      1738         56          0          0          0      17302   stm32f1xx_hal_tim.o
       108         12          0          0          0       2645   stm32f1xx_hal_tim_ex.o
       152         20          0          0         72       1639   stm32f1xx_hal_timebase_tim.o
      1950         38          0          0          0      16935   stm32f1xx_hal_uart.o
        94         28          0          0          0       5745   stm32f1xx_it.o
         0          0          0          0          0        384   stream_buffer.o
         2          0         24          4          0       1279   system_stm32f1xx.o
      2500        192          0         60        240      31416   tasks.o
       264         20          0          0         72       2468   tim.o
       284         28          0          0        208       2028   usart.o

    ----------------------------------------------------------------------
     18212       1210       2056        180       6716     734971   Object Totals
         0          0         32          0          0          0   (incl. Generated)
        30          0          2          6          0          0   (incl. Padding)

    ----------------------------------------------------------------------

      Code (inc. data)   RO Data    RW Data    ZI Data      Debug   Library Member Name

        60          8          0          0          0         84   __0sscanf.o
        56          6          0          0          0         88   __2snprintf.o
         8          0          0          0          0         68   __main.o
       284          0          0          0          0        156   __printf_wp.o
         0          0          0          0          0          0   __rtentry.o
        12          0          0          0          0          0   __rtentry2.o
         6          0          0          0          0          0   __rtentry4.o
        52          8          0          0          0          0   __scatter.o
        26          0          0          0          0          0   __scatter_copy.o
        28          0          0          0          0          0   __scatter_zi.o
        28          0          0          0          0         68   _chval.o
        44          0          0          0          0        108   _printf_char.o
        48          6          0          0          0         96   _printf_char_common.o
         6          0          0          0          0          0   _printf_d.o
       120         16          0          0          0         92   _printf_dec.o
         6          0          0          0          0          0   _printf_f.o
      1054          0          0          0          0        216   _printf_fp_dec.o
       128         16          0          0          0         84   _printf_fp_infnan.o
       178          0          0          0          0         88   _printf_intcommon.o
        78          0          0          0          0        108   _printf_pad.o
         0          0          0          0          0          0   _printf_percent.o
         4          0          0          0          0          0   _printf_percent_end.o
         6          0          0          0          0          0   _printf_s.o
        82          0          0          0          0         80   _printf_str.o
         6          0          0          0          0          0   _printf_u.o
       884          6          0          0          0        100   _scanf.o
       332          0          0          0          0         96   _scanf_int.o
        64          0          0          0          0         84   _sgetc.o
        16          0          0          0          0         68   _snputc.o
        10          0          0          0          0         68   _sputc.o
       228          4        148          0          0         96   bigflt0.o
      1936        128          0          0          0        672   btod.o
        18          0          0          0          0         80   exit.o
         6          0          0          0          0        152   heapauxi.o
         0          0          0          0          0          0   indicate_semi.o
        18          0          0          0          0         76   isspace.o
        44         10        272          0          0         76   lc_ctype_c.o
        44         10         28          0          0         76   lc_numeric_c.o
         2          0          0          0          0          0   libinit.o
        30          0          0          0          0          0   libinit2.o
         2          0          0          0          0          0   libshutdown.o
         2          0          0          0          0          0   libshutdown2.o
         8          4          0          0         96         68   libspace.o
       138          0          0          0          0         80   lludiv10.o
        16          4          0          0          0         76   rt_ctype_table.o
         8          4          0          0          0         68   rt_locale_intlibspace.o
        68          0          0          0          0         68   rt_memclr.o
        78          0          0          0          0         80   rt_memclr_w.o
       138          0          0          0          0         68   rt_memcpy_v6.o
       100          0          0          0          0         80   rt_memcpy_w.o
         2          0          0          0          0          0   rtexit.o
        10          0          0          0          0          0   rtexit2.o
        44          8          0          0          0         84   scanf_char.o
       128          0          0          0          0         68   strcmpv7m.o
        62          0          0          0          0         76   strlen.o
       150          0          0          0          0         80   strncmp.o
        12          4          0          0          0         68   sys_exit.o
        74          0          0          0          0         80   sys_stackheap_outer.o
         2          0          0          0          0         68   use_no_semi.o
        12          0          0          0          0         68   dretinf.o
        86          4          0          0          0         84   f2d.o
       430          8          0          0          0        168   faddsub_clz.o
        38          0          0          0          0         68   fflt_clz.o
       258          4          0          0          0         84   fmul.o
       140          4          0          0          0         84   fnaninf.o
        10          0          0          0          0         68   fretinf.o
         4          0          0          0          0         68   printf1.o
         0          0          0          0          0          0   usenofp.o
        40          0          0          0          0         68   fpclassify.o

    ----------------------------------------------------------------------
      8032        262        448          0         96       4852   Library Totals
        20          0          0          0          0          0   (incl. Padding)

    ----------------------------------------------------------------------

      Code (inc. data)   RO Data    RW Data    ZI Data      Debug   Library Name

      6994        242        448          0         96       4092   c_w.l
       978         20          0          0          0        692   fz_ws.l
        40          0          0          0          0         68   m_ws.l

    ----------------------------------------------------------------------
      8032        262        448          0         96       4852   Library Totals

    ----------------------------------------------------------------------

==============================================================================


      Code (inc. data)   RO Data    RW Data    ZI Data      Debug   

     26244       1472       2504        180       6812     726455   Grand Totals
     26244       1472       2504        180       6812     726455   ELF Image Totals
     26244       1472       2504        180          0          0   ROM Totals

==============================================================================

    Total RO  Size (Code + RO Data)                28748 (  28.07kB)
    Total RW  Size (RW Data + ZI Data)              6992 (   6.83kB)
    Total ROM Size (Code + RO Data + RW Data)      28928 (  28.25kB)

==============================================================================

